###############################################################################
#
# IAR ELF Linker V9.10.1.308/W64 for ARM                  19/Dec/2024  02:29:07
# Copyright 2007-2021 IAR Systems AB.
#
#    Output file  =
#        C:\ASU\ASU\Fall 2024\Intro to Embedded
#        Systems\Smart-Home-TivaC\IAR\Debug\Exe\SmartHome.out
#    Map file     =
#        C:\ASU\ASU\Fall 2024\Intro to Embedded
#        Systems\Smart-Home-TivaC\IAR\Debug\List\SmartHome.map
#    Command line =
#        -f "C:\ASU\ASU\Fall 2024\Intro to Embedded
#        Systems\Smart-Home-TivaC\IAR\Debug\Exe\SmartHome.out.rsp"
#        ("C:\ASU\ASU\Fall 2024\Intro to Embedded
#        Systems\Smart-Home-TivaC\IAR\Debug\Obj\MCAL\ADC\ADC.o"
#        "C:\ASU\ASU\Fall 2024\Intro to Embedded
#        Systems\Smart-Home-TivaC\IAR\Debug\Obj\HAL\AlarmMod\Alarm.o"
#        "C:\ASU\ASU\Fall 2024\Intro to Embedded
#        Systems\Smart-Home-TivaC\IAR\Debug\Obj\HAL\BTMod\BTMod.o"
#        "C:\ASU\ASU\Fall 2024\Intro to Embedded
#        Systems\Smart-Home-TivaC\IAR\Debug\Obj\HAL\Door\Door.o"
#        "C:\ASU\ASU\Fall 2024\Intro to Embedded
#        Systems\Smart-Home-TivaC\Drivers\TivaLib\driverlib\ewarm\Exe\driverlib.a"
#        "C:\ASU\ASU\Fall 2024\Intro to Embedded
#        Systems\Smart-Home-TivaC\IAR\Debug\Obj\MCAL\GPIO\GPIO.o"
#        "C:\ASU\ASU\Fall 2024\Intro to Embedded
#        Systems\Smart-Home-TivaC\IAR\Debug\Obj\HAL\LM35\LM35.o"
#        "C:\ASU\ASU\Fall 2024\Intro to Embedded
#        Systems\Smart-Home-TivaC\IAR\Debug\Obj\main.o" "C:\ASU\ASU\Fall
#        2024\Intro to Embedded
#        Systems\Smart-Home-TivaC\IAR\Debug\Obj\HAL\RelayMod\Relay.o"
#        "C:\ASU\ASU\Fall 2024\Intro to Embedded
#        Systems\Smart-Home-TivaC\IAR\Debug\Obj\startup_ewarm.o"
#        "C:\ASU\ASU\Fall 2024\Intro to Embedded
#        Systems\Smart-Home-TivaC\IAR\Debug\Obj\MCAL\SysTick\SysTick.o"
#        "C:\ASU\ASU\Fall 2024\Intro to Embedded
#        Systems\Smart-Home-TivaC\IAR\Debug\Obj\MCAL\UART\uart0.o"
#        "C:\ASU\ASU\Fall 2024\Intro to Embedded
#        Systems\Smart-Home-TivaC\IAR\Debug\Obj\MCAL\UART\uart5.o"
#        --no_out_extension -o "C:\ASU\ASU\Fall 2024\Intro to Embedded
#        Systems\Smart-Home-TivaC\IAR\Debug\Exe\SmartHome.out" --redirect
#        _Printf=_PrintfFullNoMb --redirect _Scanf=_ScanfFullNoMb --map
#        "C:\ASU\ASU\Fall 2024\Intro to Embedded
#        Systems\Smart-Home-TivaC\IAR\Debug\List\SmartHome.map" --config
#        "C:\Program Files\IAR Systems\Embedded Workbench
#        9.0\arm\config\linker\TexasInstruments\TM4C123GH6.icf" --semihosting
#        --entry __iar_program_start --vfe --text_out locale)
#
###############################################################################

*******************************************************************************
*** MESSAGES
***

Warning[Lt009]: Inconsistent wchar_t size
            sysctl.o(driverlib.a) and 4 other objects in driverlib.a have
                      wchar_t size 16 bits
            ADC.o and 28 other objects, some of them in dl7M_tln.a and 11 other
                      libraries have wchar_t size 32 bits


*******************************************************************************
*** RUNTIME MODEL ATTRIBUTES
***

CppFlavor       = *
__SystemLibrary = DLib
__dlib_version  = 6


*******************************************************************************
*** HEAP SELECTION
***

The basic heap was selected because no calls to memory allocation
functions were found in the application outside of system library
functions, and there are calls to deallocation functions in the
application.


*******************************************************************************
*** PLACEMENT SUMMARY
***

"A0":  place at address 0x0 { ro section .intvec };
"P1":  place in [from 0x0 to 0x3'ffff] { ro };
define block CSTACK with size = 4K, alignment = 8 { };
define block HEAP with size = 8K, alignment = 8 { };
"P2":  place in [from 0x2000'0000 to 0x2000'7fff] {
          rw, block CSTACK, block HEAP };
do not initialize { rw section .noinit };

  Section          Kind         Address    Size  Object
  -------          ----         -------    ----  ------
"A0":                                     0x26c
  .intvec          const            0x0   0x26c  startup_ewarm.o [1]
                                - 0x26c   0x26c

"P1":                                    0x25e0
  .text            ro code        0x26c   0xf16  xprintffull_nomb.o [11]
  .text            ro code       0x1182     0xa  xsprout.o [11]
  .text            ro code       0x118c    0x16  strchr.o [14]
  .text            ro code       0x11a4    0x40  xfail_s.o [11]
  .text            ro code       0x11e4    0x36  strlen.o [14]
  .text            ro code       0x121c    0x58  memchr.o [14]
  .text            ro code       0x1274    0x76  ABImemcpy_unaligned.o [14]
  .text            ro code       0x12ec    0x70  frexp.o [13]
  .text            ro code       0x135c    0x34  DblCmpLe.o [13]
  .text            ro code       0x1390    0x34  DblCmpGe.o [13]
  .text            ro code       0x13c4   0x13a  ldexp.o [13]
  .text            ro code       0x1500    0x36  DblToS32.o [13]
  .text            ro code       0x1538    0x22  S32ToDbl.o [13]
  .text            ro code       0x155c   0x24e  DblAddSub.o [13]
  .text            ro code       0x17ac   0x246  DblDiv.o [13]
  .text            ro code       0x19f4    0x22  DblToU32.o [13]
  .text            ro code       0x1a18    0x1c  U32ToDbl.o [13]
  .text            ro code       0x1a34   0x1aa  DblMul.o [13]
  .text            ro code       0x1be0   0x230  I64DivMod.o [14]
  .text            ro code       0x1e10     0x6  abort.o [11]
  .text            ro code       0x1e18     0x2  I64DivZer.o [14]
  .text            ro code       0x1e1c    0x14  exit.o [15]
  .text            ro code       0x1e30   0x20c  GPIO.o [8]
  .text            ro code       0x203c    0x4c  sysctl.o [12]
  .text            ro code       0x2088   0x1f0  gpio.o [12]
  .text            ro code       0x2278   0x198  uart5.o [10]
  .text            ro code       0x2410    0xe4  ADC.o [7]
  .text            ro code       0x24f4    0x76  LM35.o [5]
  .text            ro code       0x256c    0x20  SysTick.o [9]
  .text            ro code       0x258c    0x68  DblToFlt.o [13]
  .text            ro code       0x25f4    0x4c  systick.o [12]
  .text            ro code       0x2640    0x50  main.o [1]
  .text            ro code       0x2690    0x10  BTMod.o [3]
  .text            ro code       0x26a0    0x18  Relay.o [6]
  .text            ro code       0x26b8    0x36  Door.o [4]
  .text            ro code       0x26f0     0xe  Alarm.o [2]
  .text            ro code       0x2700    0x40  sprintf.o [11]
  .text            ro code       0x2740    0x38  zero_init3.o [14]
  .text            ro code       0x2778    0x28  data_init.o [14]
  .text            ro code       0x27a0    0x22  fpinit_M.o [13]
  .iar.init_table  const         0x27c4    0x10  - Linker created -
  .text            ro code       0x27d4    0x1e  startup_ewarm.o [1]
  .text            ro code       0x27f4    0x1c  cstartup_M.o [14]
  .text            ro code       0x2810    0x1e  cmain.o [14]
  .text            ro code       0x282e     0x4  low_level_init.o [11]
  .text            ro code       0x2832     0x4  exit.o [11]
  .text            ro code       0x2838     0xa  cexit.o [14]
  .rodata          const         0x2844     0x8  main.o [1]
  .rodata          const         0x284c     0x0  zero_init3.o [14]
                               - 0x284c  0x25e0

"P2", part 1 of 2:                          0x8
  .bss             zero     0x2000'0000     0x4  xfail_s.o [11]
  .bss             zero     0x2000'0004     0x1  uart5.o [10]
                          - 0x2000'0005     0x5

"P2", part 2 of 2:                        0x200
  .noinit          uninit   0x2000'0008   0x200  startup_ewarm.o [1]
                          - 0x2000'0208   0x200

Unused ranges:

         From           To      Size
         ----           --      ----
       0x284c     0x3'ffff  0x3'd7b4
  0x2000'0208  0x2000'7fff    0x7df8


*******************************************************************************
*** INIT TABLE
***

          Address      Size
          -------      ----
Zero (__iar_zero_init3)
    1 destination range, total size 0x5:
          0x2000'0000   0x5



*******************************************************************************
*** MODULE SUMMARY
***

    Module                 ro code  ro data  rw data
    ------                 -------  -------  -------
command line/config:
    ------------------------------------------------
    Total:

C:\ASU\ASU\Fall 2024\Intro to Embedded Systems\Smart-Home-TivaC\IAR\Debug\Obj: [1]
    main.o                      80        8
    startup_ewarm.o             30      620      512
    ------------------------------------------------
    Total:                     110      628      512

C:\ASU\ASU\Fall 2024\Intro to Embedded Systems\Smart-Home-TivaC\IAR\Debug\Obj\HAL\AlarmMod: [2]
    Alarm.o                     14
    ------------------------------------------------
    Total:                      14

C:\ASU\ASU\Fall 2024\Intro to Embedded Systems\Smart-Home-TivaC\IAR\Debug\Obj\HAL\BTMod: [3]
    BTMod.o                     16
    ------------------------------------------------
    Total:                      16

C:\ASU\ASU\Fall 2024\Intro to Embedded Systems\Smart-Home-TivaC\IAR\Debug\Obj\HAL\Door: [4]
    Door.o                      54
    ------------------------------------------------
    Total:                      54

C:\ASU\ASU\Fall 2024\Intro to Embedded Systems\Smart-Home-TivaC\IAR\Debug\Obj\HAL\LM35: [5]
    LM35.o                     118
    ------------------------------------------------
    Total:                     118

C:\ASU\ASU\Fall 2024\Intro to Embedded Systems\Smart-Home-TivaC\IAR\Debug\Obj\HAL\RelayMod: [6]
    Relay.o                     24
    ------------------------------------------------
    Total:                      24

C:\ASU\ASU\Fall 2024\Intro to Embedded Systems\Smart-Home-TivaC\IAR\Debug\Obj\MCAL\ADC: [7]
    ADC.o                      228
    ------------------------------------------------
    Total:                     228

C:\ASU\ASU\Fall 2024\Intro to Embedded Systems\Smart-Home-TivaC\IAR\Debug\Obj\MCAL\GPIO: [8]
    GPIO.o                     524
    ------------------------------------------------
    Total:                     524

C:\ASU\ASU\Fall 2024\Intro to Embedded Systems\Smart-Home-TivaC\IAR\Debug\Obj\MCAL\SysTick: [9]
    SysTick.o                   32
    ------------------------------------------------
    Total:                      32

C:\ASU\ASU\Fall 2024\Intro to Embedded Systems\Smart-Home-TivaC\IAR\Debug\Obj\MCAL\UART: [10]
    uart5.o                    408                 1
    ------------------------------------------------
    Total:                     408                 1

dl7M_tln.a: [11]
    abort.o                      6
    exit.o                       4
    low_level_init.o             4
    sprintf.o                   64
    xfail_s.o                   64                 4
    xprintffull_nomb.o       3'862
    xsprout.o                   10
    ------------------------------------------------
    Total:                   4'014                 4

driverlib.a: [12]
    gpio.o                     496
    sysctl.o                    76
    systick.o                   76
    ------------------------------------------------
    Total:                     648

m7M_tls.a: [13]
    DblAddSub.o                590
    DblCmpGe.o                  52
    DblCmpLe.o                  52
    DblDiv.o                   582
    DblMul.o                   426
    DblToFlt.o                 104
    DblToS32.o                  54
    DblToU32.o                  34
    S32ToDbl.o                  34
    U32ToDbl.o                  28
    fpinit_M.o                  34
    frexp.o                    112
    ldexp.o                    314
    ------------------------------------------------
    Total:                   2'416

rt7M_tl.a: [14]
    ABImemcpy_unaligned.o      118
    I64DivMod.o                560
    I64DivZer.o                  2
    cexit.o                     10
    cmain.o                     30
    cstartup_M.o                28
    data_init.o                 40
    memchr.o                    88
    strchr.o                    22
    strlen.o                    54
    zero_init3.o                56
    ------------------------------------------------
    Total:                   1'008

shb_l.a: [15]
    exit.o                      20
    ------------------------------------------------
    Total:                      20

    Gaps                        34        4
    Linker created                       16
----------------------------------------------------
    Grand Total:             9'668      648      517


*******************************************************************************
*** ENTRY LIST
***

Entry                       Address   Size  Type      Object
-----                       -------   ----  ----      ------
.iar.init_table$$Base        0x27c4          --   Gb  - Linker created -
.iar.init_table$$Limit       0x27d4          --   Gb  - Linker created -
?main                        0x2811         Code  Gb  cmain.o [14]
ADC1_Init                    0x2411   0x84  Code  Gb  ADC.o [7]
ADC1_ReadValue               0x2495   0x28  Code  Gb  ADC.o [7]
Alarm_Init                   0x26f1    0xe  Code  Gb  Alarm.o [2]
BTMOD_Init                   0x2691    0x8  Code  Gb  BTMod.o [3]
BTMOD_SendString             0x2699    0x8  Code  Gb  BTMod.o [3]
DIO_Init                     0x1ecb   0xe4  Code  Gb  GPIO.o [8]
DIO_Write                    0x1ff1   0x2c  Code  Gb  GPIO.o [8]
DOOR_Init                    0x26b9    0xe  Code  Gb  Door.o [4]
DOOR_Status                  0x26c7   0x28  Code  Gb  Door.o [4]
FaultISR                     0x27ef    0x2  Code  Lc  startup_ewarm.o [1]
GPIODirModeSet               0x2089   0x28  Code  Gb  gpio.o [12]
GPIOPadConfigSet             0x20b1  0x174  Code  Gb  gpio.o [12]
GPIOPinRead                  0x2225    0x6  Code  Gb  gpio.o [12]
GPIOPinTypeGPIOInput         0x2235   0x14  Code  Gb  gpio.o [12]
GPIOPinTypeGPIOOutput        0x2249    0xa  Code  Gb  gpio.o [12]
GPIOPinWrite                 0x222b    0x6  Code  Gb  gpio.o [12]
GPIO_PinRead                 0x201d   0x20  Code  Gb  GPIO.o [8]
GetPeripheralAndBaseAddress
                             0x1e69   0x62  Code  Gb  GPIO.o [8]
GetPortBaseAddress           0x1e31   0x38  Code  Gb  GPIO.o [8]
IntDefaultHandler            0x27f1    0x2  Code  Lc  startup_ewarm.o [1]
LM35_Handler                 0x2545   0x26  Code  Gb  LM35.o [5]
LM35_Init                    0x24f5    0xc  Code  Gb  LM35.o [5]
LM35_Temp                    0x2501   0x36  Code  Gb  LM35.o [5]
NmiSR                        0x27ed    0x2  Code  Lc  startup_ewarm.o [1]
Region$$Table$$Base          0x27c4          --   Gb  - Linker created -
Region$$Table$$Limit         0x27d4          --   Gb  - Linker created -
Relay_Init                   0x26a1   0x18  Code  Gb  Relay.o [6]
ResetISR                     0x27d5   0x14  Code  Gb  startup_ewarm.o [1]
SysCtlDelay                  0x2079    0x8  Code  Gb  sysctl.o [12]
SysCtlPeripheralEnable       0x205d    0x8  Code  Gb  sysctl.o [12]
SysCtlPeripheralReady        0x203d    0x8  Code  Gb  sysctl.o [12]
SysTickDisable               0x2601    0xc  Code  Gb  systick.o [12]
SysTickEnable                0x25f5    0xc  Code  Gb  systick.o [12]
SysTickIntDisable            0x2619    0xc  Code  Gb  systick.o [12]
SysTickIntEnable             0x260d    0xc  Code  Gb  systick.o [12]
SysTickPeriodSet             0x2625    0x8  Code  Gb  systick.o [12]
SysTickValueGet              0x262d    0x6  Code  Gb  systick.o [12]
SysTick_Delay_1Sec           0x256d   0x20  Code  Gb  SysTick.o [9]
UART5_Handler                0x2353   0x6c  Code  Gb  uart5.o [10]
UART5_Init                   0x2279   0xb4  Code  Gb  uart5.o [10]
UART5_ReceivedByte      0x2000'0004    0x1  Data  Gb  uart5.o [10]
UART5_SendByte               0x232d   0x10  Code  Gb  uart5.o [10]
UART5_SendString             0x233d   0x16  Code  Gb  uart5.o [10]
_LitobFullNoMb                0xf89  0x10c  Code  Lc  xprintffull_nomb.o [11]
_PrintfFullNoMb               0x26d  0xcec  Code  Gb  xprintffull_nomb.o [11]
_PutcharFullNoMb             0x10ed   0x20  Code  Lc  xprintffull_nomb.o [11]
_PutcharsFullNoMb            0x110d   0x2e  Code  Lc  xprintffull_nomb.o [11]
_SProut                      0x1183    0xa  Code  Gb  xsprout.o [11]
__aeabi_cdcmple              0x135d         Code  Gb  DblCmpLe.o [13]
__aeabi_cdrcmple             0x1391         Code  Gb  DblCmpGe.o [13]
__aeabi_d2f                  0x258d         Code  Gb  DblToFlt.o [13]
__aeabi_d2iz                 0x1501         Code  Gb  DblToS32.o [13]
__aeabi_d2uiz                0x19f5         Code  Gb  DblToU32.o [13]
__aeabi_ddiv                 0x17ad         Code  Gb  DblDiv.o [13]
__aeabi_dmul                 0x1a35         Code  Gb  DblMul.o [13]
__aeabi_dsub                 0x16c9         Code  Gb  DblAddSub.o [13]
__aeabi_i2d                  0x1539         Code  Gb  S32ToDbl.o [13]
__aeabi_ldiv0                0x1e19         Code  Gb  I64DivZer.o [14]
__aeabi_ui2d                 0x1a19         Code  Gb  U32ToDbl.o [13]
__aeabi_uldivmod             0x1be1         Code  Gb  I64DivMod.o [14]
__cmain                      0x2811         Code  Gb  cmain.o [14]
__exit                       0x1e1d   0x14  Code  Gb  exit.o [15]
__iar_Fail_s                 0x11a5   0x1c  Code  Gb  xfail_s.o [11]
__iar_Memchr                 0x121d         Code  Gb  memchr.o [14]
__iar_Strchr                 0x118d         Code  Gb  strchr.o [14]
__iar_data_init3             0x2779   0x28  Code  Gb  data_init.o [14]
__iar_frexp                  0x12f9         Code  Gb  frexp.o [13]
__iar_frexpl                 0x12f9         Code  Gb  frexp.o [13]
__iar_init_vfp               0x27a1         Code  Gb  fpinit_M.o [13]
__iar_ldexp64                0x13c5         Code  Gb  ldexp.o [13]
__iar_program_start          0x27f5         Code  Gb  cstartup_M.o [14]
__iar_scalbln64              0x13c5         Code  Gb  ldexp.o [13]
__iar_scalbn64               0x13c5         Code  Gb  ldexp.o [13]
__iar_softfp___iar_frexp64
                             0x12ed         Code  Gb  frexp.o [13]
__iar_softfp_frexp           0x12ed         Code  Gb  frexp.o [13]
__iar_softfp_frexpl          0x12ed         Code  Gb  frexp.o [13]
__iar_unaligned_memcpy       0x1275         Code  Gb  ABImemcpy_unaligned.o [14]
__iar_unaligned_memcpy4
                             0x1295         Code  Gb  ABImemcpy_unaligned.o [14]
__iar_unaligned_memcpy8
                             0x1295         Code  Gb  ABImemcpy_unaligned.o [14]
__iar_zero_init3             0x2741   0x38  Code  Gb  zero_init3.o [14]
__low_level_init             0x282f    0x4  Code  Gb  low_level_init.o [11]
__vector_table                  0x0  0x26c  Data  Gb  startup_ewarm.o [1]
_call_main                   0x281d         Code  Gb  cmain.o [14]
_exit                        0x2839         Code  Gb  cexit.o [14]
abort                        0x1e11    0x6  Code  Gb  abort.o [11]
exit                         0x2833    0x4  Code  Gb  exit.o [11]
ldexp                        0x13c5         Code  Gb  ldexp.o [13]
ldexpl                       0x13c5         Code  Gb  ldexp.o [13]
main                         0x2641   0x50  Code  Gb  main.o [1]
memchr                       0x121d         Code  Gb  memchr.o [14]
pui32Stack              0x2000'0008  0x200  Data  Lc  startup_ewarm.o [1]
scalbln                      0x13c5         Code  Gb  ldexp.o [13]
scalblnl                     0x13c5         Code  Gb  ldexp.o [13]
scalbn                       0x13c5         Code  Gb  ldexp.o [13]
scalbnl                      0x13c5         Code  Gb  ldexp.o [13]
scale                        0x1095   0x46  Code  Lc  xprintffull_nomb.o [11]
sec_hand                0x2000'0000    0x4  Data  Lc  xfail_s.o [11]
sprintf                      0x2701   0x40  Code  Gb  sprintf.o [11]
strchr                       0x118d         Code  Gb  strchr.o [14]
strlen                       0x11e5         Code  Gb  strlen.o [14]


[1] = C:\ASU\ASU\Fall 2024\Intro to Embedded Systems\Smart-Home-TivaC\IAR\Debug\Obj
[2] = C:\ASU\ASU\Fall 2024\Intro to Embedded Systems\Smart-Home-TivaC\IAR\Debug\Obj\HAL\AlarmMod
[3] = C:\ASU\ASU\Fall 2024\Intro to Embedded Systems\Smart-Home-TivaC\IAR\Debug\Obj\HAL\BTMod
[4] = C:\ASU\ASU\Fall 2024\Intro to Embedded Systems\Smart-Home-TivaC\IAR\Debug\Obj\HAL\Door
[5] = C:\ASU\ASU\Fall 2024\Intro to Embedded Systems\Smart-Home-TivaC\IAR\Debug\Obj\HAL\LM35
[6] = C:\ASU\ASU\Fall 2024\Intro to Embedded Systems\Smart-Home-TivaC\IAR\Debug\Obj\HAL\RelayMod
[7] = C:\ASU\ASU\Fall 2024\Intro to Embedded Systems\Smart-Home-TivaC\IAR\Debug\Obj\MCAL\ADC
[8] = C:\ASU\ASU\Fall 2024\Intro to Embedded Systems\Smart-Home-TivaC\IAR\Debug\Obj\MCAL\GPIO
[9] = C:\ASU\ASU\Fall 2024\Intro to Embedded Systems\Smart-Home-TivaC\IAR\Debug\Obj\MCAL\SysTick
[10] = C:\ASU\ASU\Fall 2024\Intro to Embedded Systems\Smart-Home-TivaC\IAR\Debug\Obj\MCAL\UART
[11] = dl7M_tln.a
[12] = driverlib.a
[13] = m7M_tls.a
[14] = rt7M_tl.a
[15] = shb_l.a

  9'668 bytes of readonly  code memory
    648 bytes of readonly  data memory
    517 bytes of readwrite data memory

Errors: none
Warnings: 1
