###############################################################################
#
# IAR ELF Linker V9.10.1.308/W64 for ARM                  16/Dec/2024  15:44:54
# Copyright 2007-2021 IAR Systems AB.
#
#    Output file  =
#        C:\ASU\ASU\Fall 2024\Intro to Embedded
#        Systems\Smart-Home-TivaC\IAR\Debug\Exe\SmartHome.out
#    Map file     =
#        C:\ASU\ASU\Fall 2024\Intro to Embedded
#        Systems\Smart-Home-TivaC\IAR\Debug\List\SmartHome.map
#    Command line =
#        -f "C:\ASU\ASU\Fall 2024\Intro to Embedded
#        Systems\Smart-Home-TivaC\IAR\Debug\Exe\SmartHome.out.rsp"
#        ("C:\ASU\ASU\Fall 2024\Intro to Embedded
#        Systems\Smart-Home-TivaC\IAR\Debug\Obj\MCAL\ADC\ADC.o"
#        "C:\ASU\ASU\Fall 2024\Intro to Embedded
#        Systems\Smart-Home-TivaC\IAR\Debug\Obj\HAL\AlarmMod\Alarm.o"
#        "C:\ASU\ASU\Fall 2024\Intro to Embedded
#        Systems\Smart-Home-TivaC\Drivers\TivaLib\driverlib\ewarm\Exe\driverlib.a"
#        "C:\ASU\ASU\Fall 2024\Intro to Embedded
#        Systems\Smart-Home-TivaC\IAR\Debug\Obj\MCAL\GPIO\GPIO.o"
#        "C:\ASU\ASU\Fall 2024\Intro to Embedded
#        Systems\Smart-Home-TivaC\IAR\Debug\Obj\main.o" "C:\ASU\ASU\Fall
#        2024\Intro to Embedded
#        Systems\Smart-Home-TivaC\IAR\Debug\Obj\HAL\RelayMod\Relay.o"
#        "C:\ASU\ASU\Fall 2024\Intro to Embedded
#        Systems\Smart-Home-TivaC\IAR\Debug\Obj\MCAL\UART\uart0.o"
#        "C:\ASU\ASU\Fall 2024\Intro to Embedded
#        Systems\Smart-Home-TivaC\IAR\Debug\Obj\MCAL\UART\uart5.o"
#        --no_out_extension -o "C:\ASU\ASU\Fall 2024\Intro to Embedded
#        Systems\Smart-Home-TivaC\IAR\Debug\Exe\SmartHome.out" --redirect
#        _Printf=_PrintfFullNoMb --redirect _Scanf=_ScanfFullNoMb --map
#        "C:\ASU\ASU\Fall 2024\Intro to Embedded
#        Systems\Smart-Home-TivaC\IAR\Debug\List\SmartHome.map" --config
#        "C:\Program Files\IAR Systems\Embedded Workbench
#        9.0\arm\config\linker\TexasInstruments\TM4C123GH6.icf" --semihosting
#        --entry __iar_program_start --vfe --text_out locale)
#
###############################################################################

*******************************************************************************
*** MESSAGES
***

Warning[Lt009]: Inconsistent wchar_t size
            sysctl.o(driverlib.a) and 3 other objects in driverlib.a have
                      wchar_t size 16 bits
            ADC.o and 23 other objects, some of them in dl7M_tln.a and 11 other
                      libraries have wchar_t size 32 bits


*******************************************************************************
*** RUNTIME MODEL ATTRIBUTES
***

CppFlavor       = *
__SystemLibrary = DLib
__dlib_version  = 6


*******************************************************************************
*** HEAP SELECTION
***

The basic heap was selected because no calls to memory allocation
functions were found in the application outside of system library
functions, and there are calls to deallocation functions in the
application.


*******************************************************************************
*** PLACEMENT SUMMARY
***

"A0":  place at address 0x0 { ro section .intvec };
"P1":  place in [from 0x0 to 0x3'ffff] { ro };
define block CSTACK with size = 4K, alignment = 8 { };
define block HEAP with size = 8K, alignment = 8 { };
"P2":  place in [from 0x2000'0000 to 0x2000'7fff] {
          rw, block CSTACK, block HEAP };

  Section          Kind         Address    Size  Object
  -------          ----         -------    ----  ------
"A0":                                      0x40
  .intvec          ro code          0x0    0x40  vector_table_M.o [10]
                                 - 0x40    0x40

"P1":                                    0x250c
  .text            ro code         0x40   0xf16  xprintffull_nomb.o [7]
  .text            ro code        0xf56     0xa  xsprout.o [7]
  .text            ro code        0xf60    0x16  strchr.o [10]
  .text            ro code        0xf76     0x2  vectortrap_M.o [10]
  .text            ro code        0xf78    0x40  xfail_s.o [7]
  .text            ro code        0xfb8    0x36  strlen.o [10]
  .text            ro code        0xff0    0x58  memchr.o [10]
  .text            ro code       0x1048    0x76  ABImemcpy_unaligned.o [10]
  .text            ro code       0x10c0    0x70  frexp.o [9]
  .text            ro code       0x1130    0x34  DblCmpLe.o [9]
  .text            ro code       0x1164    0x34  DblCmpGe.o [9]
  .text            ro code       0x1198   0x13a  ldexp.o [9]
  .text            ro code       0x12d4    0x36  DblToS32.o [9]
  .text            ro code       0x130c    0x22  S32ToDbl.o [9]
  .text            ro code       0x1330   0x24e  DblAddSub.o [9]
  .text            ro code       0x1580   0x246  DblDiv.o [9]
  .text            ro code       0x17c8    0x22  DblToU32.o [9]
  .text            ro code       0x17ec    0x1c  U32ToDbl.o [9]
  .text            ro code       0x1808   0x1aa  DblMul.o [9]
  .text            ro code       0x19b4   0x230  I64DivMod.o [10]
  .text            ro code       0x1be4     0x6  abort.o [7]
  .text            ro code       0x1bec     0x2  I64DivZer.o [10]
  .text            ro code       0x1bf0    0x14  exit.o [11]
  .text            ro code       0x1c04   0x1f0  gpio.o [8]
  .text            ro code       0x1df4   0x1a4  GPIO.o [5]
  .text            ro code       0x1f98    0x4c  sysctl.o [8]
  .text            ro code       0x1fe4   0x150  main.o [1]
  .text            ro code       0x2134    0x30  Alarm.o [2]
  .text            ro code       0x2164    0xe4  ADC.o [4]
  .text            ro code       0x2248   0x106  uart5.o [6]
  .text            ro code       0x2350    0x68  DblToFlt.o [9]
  .text            ro code       0x23b8    0x48  FltToDbl.o [9]
  .text            ro code       0x2400    0x40  sprintf.o [7]
  .text            ro code       0x2440    0x38  zero_init3.o [10]
  .rodata          const         0x2478    0x28  main.o [1]
  .text            ro code       0x24a0    0x28  data_init.o [10]
  .text            ro code       0x24c8    0x22  fpinit_M.o [9]
  .iar.init_table  const         0x24ec    0x10  - Linker created -
  .text            ro code       0x24fc    0x1e  cmain.o [10]
  .text            ro code       0x251a     0x4  low_level_init.o [7]
  .text            ro code       0x251e     0x4  exit.o [7]
  .text            ro code       0x2524     0xa  cexit.o [10]
  .text            ro code       0x2530    0x1c  cstartup_M.o [10]
  .rodata          const         0x254c     0x0  zero_init3.o [10]
                               - 0x254c  0x250c

"P2", part 1 of 2:                          0x4
  .bss             zero     0x2000'0000     0x4  xfail_s.o [7]
                          - 0x2000'0004     0x4

"P2", part 2 of 2:                       0x1000
  CSTACK                    0x2000'0008  0x1000  <Block>
    CSTACK         uninit   0x2000'0008  0x1000  <Block tail>
                          - 0x2000'1008  0x1000

Unused ranges:

         From           To      Size
         ----           --      ----
       0x254c     0x3'ffff  0x3'dab4
  0x2000'0004  0x2000'0007       0x4
  0x2000'1008  0x2000'7fff    0x6ff8


*******************************************************************************
*** INIT TABLE
***

          Address      Size
          -------      ----
Zero (__iar_zero_init3)
    1 destination range, total size 0x4:
          0x2000'0000   0x4



*******************************************************************************
*** MODULE SUMMARY
***

    Module                 ro code  ro data  rw data
    ------                 -------  -------  -------
command line/config:
    ------------------------------------------------
    Total:

C:\ASU\ASU\Fall 2024\Intro to Embedded Systems\Smart-Home-TivaC\IAR\Debug\Obj: [1]
    main.o                     336       40
    ------------------------------------------------
    Total:                     336       40

C:\ASU\ASU\Fall 2024\Intro to Embedded Systems\Smart-Home-TivaC\IAR\Debug\Obj\HAL\AlarmMod: [2]
    Alarm.o                     48
    ------------------------------------------------
    Total:                      48

C:\ASU\ASU\Fall 2024\Intro to Embedded Systems\Smart-Home-TivaC\IAR\Debug\Obj\HAL\RelayMod: [3]
    ------------------------------------------------
    Total:

C:\ASU\ASU\Fall 2024\Intro to Embedded Systems\Smart-Home-TivaC\IAR\Debug\Obj\MCAL\ADC: [4]
    ADC.o                      228
    ------------------------------------------------
    Total:                     228

C:\ASU\ASU\Fall 2024\Intro to Embedded Systems\Smart-Home-TivaC\IAR\Debug\Obj\MCAL\GPIO: [5]
    GPIO.o                     420
    ------------------------------------------------
    Total:                     420

C:\ASU\ASU\Fall 2024\Intro to Embedded Systems\Smart-Home-TivaC\IAR\Debug\Obj\MCAL\UART: [6]
    uart5.o                    262
    ------------------------------------------------
    Total:                     262

dl7M_tln.a: [7]
    abort.o                      6
    exit.o                       4
    low_level_init.o             4
    sprintf.o                   64
    xfail_s.o                   64                 4
    xprintffull_nomb.o       3'862
    xsprout.o                   10
    ------------------------------------------------
    Total:                   4'014                 4

driverlib.a: [8]
    gpio.o                     496
    sysctl.o                    76
    ------------------------------------------------
    Total:                     572

m7M_tls.a: [9]
    DblAddSub.o                590
    DblCmpGe.o                  52
    DblCmpLe.o                  52
    DblDiv.o                   582
    DblMul.o                   426
    DblToFlt.o                 104
    DblToS32.o                  54
    DblToU32.o                  34
    FltToDbl.o                  72
    S32ToDbl.o                  34
    U32ToDbl.o                  28
    fpinit_M.o                  34
    frexp.o                    112
    ldexp.o                    314
    ------------------------------------------------
    Total:                   2'488

rt7M_tl.a: [10]
    ABImemcpy_unaligned.o      118
    I64DivMod.o                560
    I64DivZer.o                  2
    cexit.o                     10
    cmain.o                     30
    cstartup_M.o                28
    data_init.o                 40
    memchr.o                    88
    strchr.o                    22
    strlen.o                    54
    vector_table_M.o            64
    vectortrap_M.o               2
    zero_init3.o                56
    ------------------------------------------------
    Total:                   1'074

shb_l.a: [11]
    exit.o                      20
    ------------------------------------------------
    Total:                      20

    Gaps                        28        2
    Linker created                       16    4'096
----------------------------------------------------
    Grand Total:             9'490       58    4'100


*******************************************************************************
*** ENTRY LIST
***

Entry                       Address   Size  Type      Object
-----                       -------   ----  ----      ------
.iar.init_table$$Base        0x24ec          --   Gb  - Linker created -
.iar.init_table$$Limit       0x24fc          --   Gb  - Linker created -
?main                        0x24fd         Code  Gb  cmain.o [10]
ADC1_Init                    0x2165   0x84  Code  Gb  ADC.o [4]
ADC1_ReadValue               0x21e9   0x28  Code  Gb  ADC.o [4]
Alarm_Init                   0x2135    0xe  Code  Gb  Alarm.o [2]
Alarm_Toggle                 0x2143   0x1e  Code  Gb  Alarm.o [2]
BusFault_Handler              0xf77         Code  Wk  vectortrap_M.o [10]
CSTACK$$Base            0x2000'0008          --   Gb  - Linker created -
CSTACK$$Limit           0x2000'1008          --   Gb  - Linker created -
DIO_Init                     0x1e8f   0x84  Code  Gb  GPIO.o [5]
DIO_Write                    0x1f4d   0x2c  Code  Gb  GPIO.o [5]
DebugMon_Handler              0xf77         Code  Wk  vectortrap_M.o [10]
GPIODirModeSet               0x1c05   0x28  Code  Gb  gpio.o [8]
GPIOPadConfigSet             0x1c2d  0x174  Code  Gb  gpio.o [8]
GPIOPinRead                  0x1da1    0x6  Code  Gb  gpio.o [8]
GPIOPinTypeGPIOInput         0x1db1   0x14  Code  Gb  gpio.o [8]
GPIOPinTypeGPIOOutput        0x1dc5    0xa  Code  Gb  gpio.o [8]
GPIOPinWrite                 0x1da7    0x6  Code  Gb  gpio.o [8]
GPIO_PinRead                 0x1f79   0x20  Code  Gb  GPIO.o [5]
GetPeripheralAndBaseAddress
                             0x1e2d   0x62  Code  Gb  GPIO.o [5]
GetPortBaseAddress           0x1df5   0x38  Code  Gb  GPIO.o [5]
HardFault_Handler             0xf77         Code  Wk  vectortrap_M.o [10]
MemManage_Handler             0xf77         Code  Wk  vectortrap_M.o [10]
NMI_Handler                   0xf77         Code  Wk  vectortrap_M.o [10]
PendSV_Handler                0xf77         Code  Wk  vectortrap_M.o [10]
Region$$Table$$Base          0x24ec          --   Gb  - Linker created -
Region$$Table$$Limit         0x24fc          --   Gb  - Linker created -
SVC_Handler                   0xf77         Code  Wk  vectortrap_M.o [10]
SysCtlDelay                  0x1fd5    0x8  Code  Gb  sysctl.o [8]
SysCtlPeripheralEnable       0x1fb9    0x8  Code  Gb  sysctl.o [8]
SysCtlPeripheralReady        0x1f99    0x8  Code  Gb  sysctl.o [8]
SysTick_Handler               0xf77         Code  Wk  vectortrap_M.o [10]
UART5_Init                   0x2249   0x9c  Code  Gb  uart5.o [6]
UART5_ReceiveByte            0x22f5    0x8  Code  Gb  uart5.o [6]
UART5_SendByte               0x22e5   0x10  Code  Gb  uart5.o [6]
UART5_SendString             0x2339   0x16  Code  Gb  uart5.o [6]
UsageFault_Handler            0xf77         Code  Wk  vectortrap_M.o [10]
_LitobFullNoMb                0xd5d  0x10c  Code  Lc  xprintffull_nomb.o [7]
_PrintfFullNoMb                0x41  0xcec  Code  Gb  xprintffull_nomb.o [7]
_PutcharFullNoMb              0xec1   0x20  Code  Lc  xprintffull_nomb.o [7]
_PutcharsFullNoMb             0xee1   0x2e  Code  Lc  xprintffull_nomb.o [7]
_SProut                       0xf57    0xa  Code  Gb  xsprout.o [7]
__aeabi_cdcmple              0x1131         Code  Gb  DblCmpLe.o [9]
__aeabi_cdrcmple             0x1165         Code  Gb  DblCmpGe.o [9]
__aeabi_d2f                  0x2351         Code  Gb  DblToFlt.o [9]
__aeabi_d2iz                 0x12d5         Code  Gb  DblToS32.o [9]
__aeabi_d2uiz                0x17c9         Code  Gb  DblToU32.o [9]
__aeabi_ddiv                 0x1581         Code  Gb  DblDiv.o [9]
__aeabi_dmul                 0x1809         Code  Gb  DblMul.o [9]
__aeabi_dsub                 0x149d         Code  Gb  DblAddSub.o [9]
__aeabi_f2d                  0x23b9         Code  Gb  FltToDbl.o [9]
__aeabi_i2d                  0x130d         Code  Gb  S32ToDbl.o [9]
__aeabi_ldiv0                0x1bed         Code  Gb  I64DivZer.o [10]
__aeabi_ui2d                 0x17ed         Code  Gb  U32ToDbl.o [9]
__aeabi_uldivmod             0x19b5         Code  Gb  I64DivMod.o [10]
__cmain                      0x24fd         Code  Gb  cmain.o [10]
__exit                       0x1bf1   0x14  Code  Gb  exit.o [11]
__iar_Fail_s                  0xf79   0x1c  Code  Gb  xfail_s.o [7]
__iar_Memchr                  0xff1         Code  Gb  memchr.o [10]
__iar_Strchr                  0xf61         Code  Gb  strchr.o [10]
__iar_data_init3             0x24a1   0x28  Code  Gb  data_init.o [10]
__iar_frexp                  0x10cd         Code  Gb  frexp.o [9]
__iar_frexpl                 0x10cd         Code  Gb  frexp.o [9]
__iar_init_vfp               0x24c9         Code  Gb  fpinit_M.o [9]
__iar_ldexp64                0x1199         Code  Gb  ldexp.o [9]
__iar_program_start          0x2531         Code  Gb  cstartup_M.o [10]
__iar_scalbln64              0x1199         Code  Gb  ldexp.o [9]
__iar_scalbn64               0x1199         Code  Gb  ldexp.o [9]
__iar_softfp___iar_frexp64
                             0x10c1         Code  Gb  frexp.o [9]
__iar_softfp_frexp           0x10c1         Code  Gb  frexp.o [9]
__iar_softfp_frexpl          0x10c1         Code  Gb  frexp.o [9]
__iar_unaligned_memcpy       0x1049         Code  Gb  ABImemcpy_unaligned.o [10]
__iar_unaligned_memcpy4
                             0x1069         Code  Gb  ABImemcpy_unaligned.o [10]
__iar_unaligned_memcpy8
                             0x1069         Code  Gb  ABImemcpy_unaligned.o [10]
__iar_zero_init3             0x2441   0x38  Code  Gb  zero_init3.o [10]
__low_level_init             0x251b    0x4  Code  Gb  low_level_init.o [7]
__vector_table                  0x0         Data  Gb  vector_table_M.o [10]
_call_main                   0x2509         Code  Gb  cmain.o [10]
_exit                        0x2525         Code  Gb  cexit.o [10]
abort                        0x1be5    0x6  Code  Gb  abort.o [7]
exit                         0x251f    0x4  Code  Gb  exit.o [7]
ldexp                        0x1199         Code  Gb  ldexp.o [9]
ldexpl                       0x1199         Code  Gb  ldexp.o [9]
main                         0x1fe5  0x150  Code  Gb  main.o [1]
memchr                        0xff1         Code  Gb  memchr.o [10]
scalbln                      0x1199         Code  Gb  ldexp.o [9]
scalblnl                     0x1199         Code  Gb  ldexp.o [9]
scalbn                       0x1199         Code  Gb  ldexp.o [9]
scalbnl                      0x1199         Code  Gb  ldexp.o [9]
scale                         0xe69   0x46  Code  Lc  xprintffull_nomb.o [7]
sec_hand                0x2000'0000    0x4  Data  Lc  xfail_s.o [7]
sprintf                      0x2401   0x40  Code  Gb  sprintf.o [7]
strchr                        0xf61         Code  Gb  strchr.o [10]
strlen                        0xfb9         Code  Gb  strlen.o [10]


[1] = C:\ASU\ASU\Fall 2024\Intro to Embedded Systems\Smart-Home-TivaC\IAR\Debug\Obj
[2] = C:\ASU\ASU\Fall 2024\Intro to Embedded Systems\Smart-Home-TivaC\IAR\Debug\Obj\HAL\AlarmMod
[3] = C:\ASU\ASU\Fall 2024\Intro to Embedded Systems\Smart-Home-TivaC\IAR\Debug\Obj\HAL\RelayMod
[4] = C:\ASU\ASU\Fall 2024\Intro to Embedded Systems\Smart-Home-TivaC\IAR\Debug\Obj\MCAL\ADC
[5] = C:\ASU\ASU\Fall 2024\Intro to Embedded Systems\Smart-Home-TivaC\IAR\Debug\Obj\MCAL\GPIO
[6] = C:\ASU\ASU\Fall 2024\Intro to Embedded Systems\Smart-Home-TivaC\IAR\Debug\Obj\MCAL\UART
[7] = dl7M_tln.a
[8] = driverlib.a
[9] = m7M_tls.a
[10] = rt7M_tl.a
[11] = shb_l.a

  9'490 bytes of readonly  code memory
     58 bytes of readonly  data memory
  4'100 bytes of readwrite data memory

Errors: none
Warnings: 1
