###############################################################################
#
# IAR ELF Linker V9.10.1.308/W64 for ARM                  21/Dec/2024  23:12:45
# Copyright 2007-2021 IAR Systems AB.
#
#    Output file  =
#        C:\ASU\ASU\Fall 2024\Intro to Embedded
#        Systems\Smart-Home-TivaC\IAR\Debug\Exe\SmartHome.out
#    Map file     =
#        C:\ASU\ASU\Fall 2024\Intro to Embedded
#        Systems\Smart-Home-TivaC\IAR\Debug\List\SmartHome.map
#    Command line =
#        -f "C:\ASU\ASU\Fall 2024\Intro to Embedded
#        Systems\Smart-Home-TivaC\IAR\Debug\Exe\SmartHome.out.rsp"
#        ("C:\ASU\ASU\Fall 2024\Intro to Embedded
#        Systems\Smart-Home-TivaC\IAR\Debug\Obj\MCAL\ADC\ADC.o"
#        "C:\ASU\ASU\Fall 2024\Intro to Embedded
#        Systems\Smart-Home-TivaC\IAR\Debug\Obj\HAL\AlarmMod\Alarm.o"
#        "C:\ASU\ASU\Fall 2024\Intro to Embedded
#        Systems\Smart-Home-TivaC\IAR\Debug\Obj\HAL\BTMod\BTMod.o"
#        "C:\ASU\ASU\Fall 2024\Intro to Embedded
#        Systems\Smart-Home-TivaC\IAR\Debug\Obj\HAL\Door\Door.o"
#        "C:\ASU\ASU\Fall 2024\Intro to Embedded
#        Systems\Smart-Home-TivaC\Drivers\TivaLib\driverlib\ewarm\Exe\driverlib.a"
#        "C:\ASU\ASU\Fall 2024\Intro to Embedded
#        Systems\Smart-Home-TivaC\IAR\Debug\Obj\MCAL\GPIO\GPIO.o"
#        "C:\ASU\ASU\Fall 2024\Intro to Embedded
#        Systems\Smart-Home-TivaC\IAR\Debug\Obj\HAL\LM35\LM35.o"
#        "C:\ASU\ASU\Fall 2024\Intro to Embedded
#        Systems\Smart-Home-TivaC\IAR\Debug\Obj\main.o" "C:\ASU\ASU\Fall
#        2024\Intro to Embedded
#        Systems\Smart-Home-TivaC\IAR\Debug\Obj\HAL\RelayMod\Relay.o"
#        "C:\ASU\ASU\Fall 2024\Intro to Embedded
#        Systems\Smart-Home-TivaC\IAR\Debug\Obj\startup_ewarm.o"
#        "C:\ASU\ASU\Fall 2024\Intro to Embedded
#        Systems\Smart-Home-TivaC\IAR\Debug\Obj\MCAL\SysTick\SysTick.o"
#        "C:\ASU\ASU\Fall 2024\Intro to Embedded
#        Systems\Smart-Home-TivaC\IAR\Debug\Obj\MCAL\UART\uart0.o"
#        "C:\ASU\ASU\Fall 2024\Intro to Embedded
#        Systems\Smart-Home-TivaC\IAR\Debug\Obj\MCAL\UART\uart5.o"
#        --no_out_extension -o "C:\ASU\ASU\Fall 2024\Intro to Embedded
#        Systems\Smart-Home-TivaC\IAR\Debug\Exe\SmartHome.out" --redirect
#        _Printf=_PrintfFullNoMb --redirect _Scanf=_ScanfFullNoMb --map
#        "C:\ASU\ASU\Fall 2024\Intro to Embedded
#        Systems\Smart-Home-TivaC\IAR\Debug\List\SmartHome.map" --config
#        "C:\Program Files\IAR Systems\Embedded Workbench
#        9.0\arm\config\linker\TexasInstruments\TM4C123GH6.icf" --semihosting
#        --entry __iar_program_start --vfe --text_out locale)
#
###############################################################################

*******************************************************************************
*** MESSAGES
***

Warning[Lt009]: Inconsistent wchar_t size
            gpio.o(driverlib.a) and 4 other objects in driverlib.a have wchar_t
                      size 16 bits
            ADC.o and 24 other objects, some of them in dl7M_tln.a and 11 other
                      libraries have wchar_t size 32 bits


*******************************************************************************
*** RUNTIME MODEL ATTRIBUTES
***

CppFlavor       = *
__SystemLibrary = DLib
__dlib_version  = 6


*******************************************************************************
*** HEAP SELECTION
***

The basic heap was selected because no calls to memory allocation
functions were found in the application outside of system library
functions, and there are calls to deallocation functions in the
application.


*******************************************************************************
*** PLACEMENT SUMMARY
***

"A0":  place at address 0x0 { ro section .intvec };
"P1":  place in [from 0x0 to 0x3'ffff] { ro };
define block CSTACK with size = 4K, alignment = 8 { };
define block HEAP with size = 8K, alignment = 8 { };
"P2":  place in [from 0x2000'0000 to 0x2000'7fff] {
          rw, block CSTACK, block HEAP };
do not initialize { rw section .noinit };
initialize by copy { rw };

  Section            Kind         Address   Size  Object
  -------            ----         -------   ----  ------
"A0":                                      0x26c
  .intvec            const            0x0  0x26c  startup_ewarm.o [1]
                                  - 0x26c  0x26c

"P1":                                      0xca8
  .text              ro code        0x26c  0x246  DblDiv.o [13]
  .text              ro code        0x4b2   0x2a  copy_init3.o [14]
  .text              ro code        0x4dc  0x20c  GPIO.o [8]
  .text              ro code        0x6e8   0x4c  sysctl.o [12]
  .text              ro code        0x734  0x1f8  gpio.o [12]
  .text              ro code        0x92c  0x1aa  DblMul.o [13]
  .text              ro code        0xad8   0xe4  ADC.o [7]
  .text              ro code        0xbbc   0x80  LM35.o [5]
  .text              ro code        0xc3c   0x20  SysTick.o [9]
  .text              ro code        0xc5c   0x1c  U32ToDbl.o [13]
  .text              ro code        0xc78   0x68  DblToFlt.o [13]
  .text              ro code        0xce0   0x1c  Alarm.o [2]
  .text              ro code        0xcfc   0x4c  systick.o [12]
  .text              ro code        0xd48   0x7c  uart5.o [10]
  .text              ro code        0xdc4   0x4c  Door.o [4]
  .text              ro code        0xe10   0x28  data_init.o [14]
  .text              ro code        0xe38   0x22  fpinit_M.o [13]
  .iar.init_table    const          0xe5c   0x14  - Linker created -
  .text              ro code        0xe70   0x1e  startup_ewarm.o [1]
  .text              ro code        0xe90   0x1c  cstartup_M.o [14]
  .text              ro code        0xeac   0x1e  cmain.o [14]
  .text              ro code        0xeca    0x4  low_level_init.o [11]
  .text              ro code        0xed0   0x18  main.o [1]
  .text              ro code        0xee8    0x4  exit.o [11]
  .text              ro code        0xeec    0xa  cexit.o [14]
  .text              ro code        0xef8   0x14  exit.o [15]
  Initializer bytes  const          0xf0c    0x8  <for P2-1>
  .rodata            const          0xf14    0x0  copy_init3.o [14]
                                  - 0xf14  0xca8

"P2", part 1 of 2:                           0x8
  P2-1                        0x2000'0000    0x7  <Init block>
    .bss             inited   0x2000'0000    0x4  main.o [1]
    .data            inited   0x2000'0004    0x1  main.o [1]
    .bss             inited   0x2000'0005    0x1  main.o [1]
    .bss             inited   0x2000'0006    0x1  uart5.o [10]
                            - 0x2000'0007    0x7

"P2", part 2 of 2:                         0x200
  .noinit            uninit   0x2000'0008  0x200  startup_ewarm.o [1]
                            - 0x2000'0208  0x200

Unused ranges:

         From           To      Size
         ----           --      ----
        0xf14     0x3'ffff  0x3'f0ec
  0x2000'0208  0x2000'7fff    0x7df8


*******************************************************************************
*** INIT TABLE
***

          Address      Size
          -------      ----
Copy (__iar_copy_init3)
    1 source range, total size 0x8 (114% of destination):
                0xf0c   0x8
    1 destination range, total size 0x7:
          0x2000'0000   0x7



*******************************************************************************
*** MODULE SUMMARY
***

    Module            ro code  ro data  rw data
    ------            -------  -------  -------
command line/config:
    -------------------------------------------
    Total:

C:\ASU\ASU\Fall 2024\Intro to Embedded Systems\Smart-Home-TivaC\IAR\Debug\Obj: [1]
    main.o                 24        6        6
    startup_ewarm.o        30      620      512
    -------------------------------------------
    Total:                 54      626      518

C:\ASU\ASU\Fall 2024\Intro to Embedded Systems\Smart-Home-TivaC\IAR\Debug\Obj\HAL\AlarmMod: [2]
    Alarm.o                28
    -------------------------------------------
    Total:                 28

C:\ASU\ASU\Fall 2024\Intro to Embedded Systems\Smart-Home-TivaC\IAR\Debug\Obj\HAL\BTMod: [3]
    -------------------------------------------
    Total:

C:\ASU\ASU\Fall 2024\Intro to Embedded Systems\Smart-Home-TivaC\IAR\Debug\Obj\HAL\Door: [4]
    Door.o                 76
    -------------------------------------------
    Total:                 76

C:\ASU\ASU\Fall 2024\Intro to Embedded Systems\Smart-Home-TivaC\IAR\Debug\Obj\HAL\LM35: [5]
    LM35.o                128
    -------------------------------------------
    Total:                128

C:\ASU\ASU\Fall 2024\Intro to Embedded Systems\Smart-Home-TivaC\IAR\Debug\Obj\HAL\RelayMod: [6]
    -------------------------------------------
    Total:

C:\ASU\ASU\Fall 2024\Intro to Embedded Systems\Smart-Home-TivaC\IAR\Debug\Obj\MCAL\ADC: [7]
    ADC.o                 228
    -------------------------------------------
    Total:                228

C:\ASU\ASU\Fall 2024\Intro to Embedded Systems\Smart-Home-TivaC\IAR\Debug\Obj\MCAL\GPIO: [8]
    GPIO.o                524
    -------------------------------------------
    Total:                524

C:\ASU\ASU\Fall 2024\Intro to Embedded Systems\Smart-Home-TivaC\IAR\Debug\Obj\MCAL\SysTick: [9]
    SysTick.o              32
    -------------------------------------------
    Total:                 32

C:\ASU\ASU\Fall 2024\Intro to Embedded Systems\Smart-Home-TivaC\IAR\Debug\Obj\MCAL\UART: [10]
    uart5.o               124        1        1
    -------------------------------------------
    Total:                124        1        1

dl7M_tln.a: [11]
    exit.o                  4
    low_level_init.o        4
    -------------------------------------------
    Total:                  8

driverlib.a: [12]
    gpio.o                504
    sysctl.o               76
    systick.o              76
    -------------------------------------------
    Total:                656

m7M_tls.a: [13]
    DblDiv.o              582
    DblMul.o              426
    DblToFlt.o            104
    U32ToDbl.o             28
    fpinit_M.o             34
    -------------------------------------------
    Total:              1'174

rt7M_tl.a: [14]
    cexit.o                10
    cmain.o                30
    copy_init3.o           42
    cstartup_M.o           28
    data_init.o            40
    -------------------------------------------
    Total:                150

shb_l.a: [15]
    exit.o                 20
    -------------------------------------------
    Total:                 20

    Gaps                    8        2
    Linker created                  21
-----------------------------------------------
    Grand Total:        3'210      650      519


*******************************************************************************
*** ENTRY LIST
***

Entry                       Address   Size  Type      Object
-----                       -------   ----  ----      ------
.iar.init_table$$Base         0xe5c          --   Gb  - Linker created -
.iar.init_table$$Limit        0xe70          --   Gb  - Linker created -
?main                         0xead         Code  Gb  cmain.o [14]
ADC1_Init                     0xad9   0x84  Code  Gb  ADC.o [7]
ADC1_ReadValue                0xb5d   0x28  Code  Gb  ADC.o [7]
Alarm_Init                    0xce1    0xe  Code  Gb  Alarm.o [2]
Alarm_On                      0xcef    0xe  Code  Gb  Alarm.o [2]
DIO_Init                      0x577   0xe4  Code  Gb  GPIO.o [8]
DIO_Write                     0x69d   0x2c  Code  Gb  GPIO.o [8]
DoorIntHandler                0xdc5   0x3e  Code  Gb  Door.o [4]
FaultISR                      0xe8b    0x2  Code  Lc  startup_ewarm.o [1]
GPIODirModeSet                0x735   0x28  Code  Gb  gpio.o [12]
GPIOIntClear                  0x8d1    0x6  Code  Gb  gpio.o [12]
GPIOPadConfigSet              0x75d  0x174  Code  Gb  gpio.o [12]
GPIOPinRead                   0x8d7    0x6  Code  Gb  gpio.o [12]
GPIOPinTypeGPIOInput          0x8e7   0x14  Code  Gb  gpio.o [12]
GPIOPinTypeGPIOOutput         0x8fb    0xa  Code  Gb  gpio.o [12]
GPIOPinWrite                  0x8dd    0x6  Code  Gb  gpio.o [12]
GPIO_PinRead                  0x6c9   0x20  Code  Gb  GPIO.o [8]
GetPeripheralAndBaseAddress
                              0x515   0x62  Code  Gb  GPIO.o [8]
GetPortBaseAddress            0x4dd   0x38  Code  Gb  GPIO.o [8]
IntDefaultHandler             0xe8d    0x2  Code  Lc  startup_ewarm.o [1]
LM35_Handler                  0xbff   0x24  Code  Gb  LM35.o [5]
LM35_Init                     0xbbd    0xc  Code  Gb  LM35.o [5]
LM35_Temp                     0xbc9   0x36  Code  Gb  LM35.o [5]
NmiSR                         0xe89    0x2  Code  Lc  startup_ewarm.o [1]
Region$$Table$$Base           0xe5c          --   Gb  - Linker created -
Region$$Table$$Limit          0xe70          --   Gb  - Linker created -
ResetISR                      0xe71   0x14  Code  Gb  startup_ewarm.o [1]
SysCtlDelay                   0x725    0x8  Code  Gb  sysctl.o [12]
SysCtlPeripheralEnable        0x709    0x8  Code  Gb  sysctl.o [12]
SysCtlPeripheralReady         0x6e9    0x8  Code  Gb  sysctl.o [12]
SysTickDisable                0xd09    0xc  Code  Gb  systick.o [12]
SysTickEnable                 0xcfd    0xc  Code  Gb  systick.o [12]
SysTickIntDisable             0xd21    0xc  Code  Gb  systick.o [12]
SysTickIntEnable              0xd15    0xc  Code  Gb  systick.o [12]
SysTickPeriodSet              0xd2d    0x8  Code  Gb  systick.o [12]
SysTickValueGet               0xd35    0x6  Code  Gb  systick.o [12]
SysTick_Delay_1Sec            0xc3d   0x20  Code  Gb  SysTick.o [9]
Temp                    0x2000'0000    0x4  Data  Gb  main.o [1]
UART5_Handler                 0xd49   0x6c  Code  Gb  uart5.o [10]
UART5_ReceivedByte      0x2000'0006    0x1  Data  Gb  uart5.o [10]
__aeabi_d2f                   0xc79         Code  Gb  DblToFlt.o [13]
__aeabi_ddiv                  0x26d         Code  Gb  DblDiv.o [13]
__aeabi_dmul                  0x92d         Code  Gb  DblMul.o [13]
__aeabi_ui2d                  0xc5d         Code  Gb  U32ToDbl.o [13]
__cmain                       0xead         Code  Gb  cmain.o [14]
__exit                        0xef9   0x14  Code  Gb  exit.o [15]
__iar_copy_init3              0x4b3   0x2a  Code  Gb  copy_init3.o [14]
__iar_data_init3              0xe11   0x28  Code  Gb  data_init.o [14]
__iar_init_vfp                0xe39         Code  Gb  fpinit_M.o [13]
__iar_program_start           0xe91         Code  Gb  cstartup_M.o [14]
__low_level_init              0xecb    0x4  Code  Gb  low_level_init.o [11]
__vector_table                  0x0  0x26c  Data  Gb  startup_ewarm.o [1]
_call_main                    0xeb9         Code  Gb  cmain.o [14]
_exit                         0xeed         Code  Gb  cexit.o [14]
doorStatus              0x2000'0005    0x1  Data  Gb  main.o [1]
exit                          0xee9    0x4  Code  Gb  exit.o [11]
main                          0xed1   0x18  Code  Gb  main.o [1]
pui32Stack              0x2000'0008  0x200  Data  Lc  startup_ewarm.o [1]
tempStatus              0x2000'0004    0x1  Data  Gb  main.o [1]


[1] = C:\ASU\ASU\Fall 2024\Intro to Embedded Systems\Smart-Home-TivaC\IAR\Debug\Obj
[2] = C:\ASU\ASU\Fall 2024\Intro to Embedded Systems\Smart-Home-TivaC\IAR\Debug\Obj\HAL\AlarmMod
[3] = C:\ASU\ASU\Fall 2024\Intro to Embedded Systems\Smart-Home-TivaC\IAR\Debug\Obj\HAL\BTMod
[4] = C:\ASU\ASU\Fall 2024\Intro to Embedded Systems\Smart-Home-TivaC\IAR\Debug\Obj\HAL\Door
[5] = C:\ASU\ASU\Fall 2024\Intro to Embedded Systems\Smart-Home-TivaC\IAR\Debug\Obj\HAL\LM35
[6] = C:\ASU\ASU\Fall 2024\Intro to Embedded Systems\Smart-Home-TivaC\IAR\Debug\Obj\HAL\RelayMod
[7] = C:\ASU\ASU\Fall 2024\Intro to Embedded Systems\Smart-Home-TivaC\IAR\Debug\Obj\MCAL\ADC
[8] = C:\ASU\ASU\Fall 2024\Intro to Embedded Systems\Smart-Home-TivaC\IAR\Debug\Obj\MCAL\GPIO
[9] = C:\ASU\ASU\Fall 2024\Intro to Embedded Systems\Smart-Home-TivaC\IAR\Debug\Obj\MCAL\SysTick
[10] = C:\ASU\ASU\Fall 2024\Intro to Embedded Systems\Smart-Home-TivaC\IAR\Debug\Obj\MCAL\UART
[11] = dl7M_tln.a
[12] = driverlib.a
[13] = m7M_tls.a
[14] = rt7M_tl.a
[15] = shb_l.a

  3'210 bytes of readonly  code memory
    650 bytes of readonly  data memory
    519 bytes of readwrite data memory

Errors: none
Warnings: 1
