###############################################################################
#
# IAR ELF Linker V9.10.1.308/W64 for ARM                  24/Dec/2024  07:30:00
# Copyright 2007-2021 IAR Systems AB.
#
#    Output file  =
#        C:\ASU\ASU\Fall 2024\Intro to Embedded
#        Systems\Smart-Home-TivaC\IAR\Debug\Exe\SmartHome.out
#    Map file     =
#        C:\ASU\ASU\Fall 2024\Intro to Embedded
#        Systems\Smart-Home-TivaC\IAR\Debug\List\SmartHome.map
#    Command line =
#        -f "C:\ASU\ASU\Fall 2024\Intro to Embedded
#        Systems\Smart-Home-TivaC\IAR\Debug\Exe\SmartHome.out.rsp"
#        ("C:\ASU\ASU\Fall 2024\Intro to Embedded
#        Systems\Smart-Home-TivaC\IAR\Debug\Obj\MCAL\ADC\ADC.o"
#        "C:\ASU\ASU\Fall 2024\Intro to Embedded
#        Systems\Smart-Home-TivaC\IAR\Debug\Obj\HAL\AlarmMod\Alarm.o"
#        "C:\ASU\ASU\Fall 2024\Intro to Embedded
#        Systems\Smart-Home-TivaC\IAR\Debug\Obj\HAL\BTMod\BTMod.o"
#        "C:\ASU\ASU\Fall 2024\Intro to Embedded
#        Systems\Smart-Home-TivaC\IAR\Debug\Obj\HAL\Door\Door.o"
#        "C:\ASU\ASU\Fall 2024\Intro to Embedded
#        Systems\Smart-Home-TivaC\Drivers\TivaLib\driverlib\ewarm\Exe\driverlib.a"
#        "C:\ASU\ASU\Fall 2024\Intro to Embedded
#        Systems\Smart-Home-TivaC\IAR\Debug\Obj\MCAL\GPIO\GPIO.o"
#        "C:\ASU\ASU\Fall 2024\Intro to Embedded
#        Systems\Smart-Home-TivaC\IAR\Debug\Obj\HAL\LM35\LM35.o"
#        "C:\ASU\ASU\Fall 2024\Intro to Embedded
#        Systems\Smart-Home-TivaC\IAR\Debug\Obj\main.o" "C:\ASU\ASU\Fall
#        2024\Intro to Embedded
#        Systems\Smart-Home-TivaC\IAR\Debug\Obj\HAL\PushButton\PushButton.o"
#        "C:\ASU\ASU\Fall 2024\Intro to Embedded
#        Systems\Smart-Home-TivaC\IAR\Debug\Obj\HAL\RelayMod\Relay.o"
#        "C:\ASU\ASU\Fall 2024\Intro to Embedded
#        Systems\Smart-Home-TivaC\IAR\Debug\Obj\startup_ewarm.o"
#        "C:\ASU\ASU\Fall 2024\Intro to Embedded
#        Systems\Smart-Home-TivaC\IAR\Debug\Obj\MCAL\SysTick\SysTick.o"
#        "C:\ASU\ASU\Fall 2024\Intro to Embedded
#        Systems\Smart-Home-TivaC\IAR\Debug\Obj\MCAL\UART\uart0.o"
#        "C:\ASU\ASU\Fall 2024\Intro to Embedded
#        Systems\Smart-Home-TivaC\IAR\Debug\Obj\MCAL\UART\uart5.o"
#        --no_out_extension -o "C:\ASU\ASU\Fall 2024\Intro to Embedded
#        Systems\Smart-Home-TivaC\IAR\Debug\Exe\SmartHome.out" --redirect
#        _Printf=_PrintfFullNoMb --redirect _Scanf=_ScanfFullNoMb --map
#        "C:\ASU\ASU\Fall 2024\Intro to Embedded
#        Systems\Smart-Home-TivaC\IAR\Debug\List\SmartHome.map" --config
#        "C:\Program Files\IAR Systems\Embedded Workbench
#        9.0\arm\config\linker\TexasInstruments\TM4C123GH6.icf" --semihosting
#        --entry __iar_program_start --vfe --text_out locale)
#
###############################################################################

*******************************************************************************
*** MESSAGES
***

Warning[Lt009]: Inconsistent wchar_t size
            gpio.o(driverlib.a) and 4 other objects in driverlib.a have wchar_t
                      size 16 bits
            ADC.o and 29 other objects, some of them in dl7M_tln.a and 11 other
                      libraries have wchar_t size 32 bits


*******************************************************************************
*** RUNTIME MODEL ATTRIBUTES
***

CppFlavor       = *
__SystemLibrary = DLib
__dlib_version  = 6


*******************************************************************************
*** HEAP SELECTION
***

The basic heap was selected because no calls to memory allocation
functions were found in the application outside of system library
functions, and there are calls to deallocation functions in the
application.


*******************************************************************************
*** PLACEMENT SUMMARY
***

"A0":  place at address 0x0 { ro section .intvec };
"P1":  place in [from 0x0 to 0x3'ffff] { ro };
define block CSTACK with size = 4K, alignment = 8 { };
define block HEAP with size = 8K, alignment = 8 { };
"P2":  place in [from 0x2000'0000 to 0x2000'7fff] {
          rw, block CSTACK, block HEAP };
do not initialize { rw section .noinit };
initialize by copy { rw };

  Section            Kind         Address    Size  Object
  -------            ----         -------    ----  ------
"A0":                                       0x26c
  .intvec            const            0x0   0x26c  startup_ewarm.o [1]
                                  - 0x26c   0x26c

"P1":                                      0x2698
  .text              ro code        0x26c   0xf16  xprintffull_nomb.o [12]
  .text              ro code       0x1182    0x2a  copy_init3.o [15]
  .text              ro code       0x11ac    0x16  strchr.o [15]
  .text              ro code       0x11c2     0xa  xsprout.o [12]
  .text              ro code       0x11cc    0x40  xfail_s.o [12]
  .text              ro code       0x120c    0x36  strlen.o [15]
  .text              ro code       0x1244    0x58  memchr.o [15]
  .text              ro code       0x129c    0x76  ABImemcpy_unaligned.o [15]
  .text              ro code       0x1314    0x70  frexp.o [14]
  .text              ro code       0x1384    0x34  DblCmpLe.o [14]
  .text              ro code       0x13b8    0x34  DblCmpGe.o [14]
  .text              ro code       0x13ec   0x13a  ldexp.o [14]
  .text              ro code       0x1528    0x36  DblToS32.o [14]
  .text              ro code       0x1560    0x22  S32ToDbl.o [14]
  .text              ro code       0x1584   0x24e  DblAddSub.o [14]
  .text              ro code       0x17d4   0x246  DblDiv.o [14]
  .text              ro code       0x1a1c    0x22  DblToU32.o [14]
  .text              ro code       0x1a40    0x1c  U32ToDbl.o [14]
  .text              ro code       0x1a5c   0x1aa  DblMul.o [14]
  .text              ro code       0x1c08   0x230  I64DivMod.o [15]
  .text              ro code       0x1e38     0x6  abort.o [12]
  .text              ro code       0x1e40     0x2  I64DivZer.o [15]
  .text              ro code       0x1e44    0x14  exit.o [16]
  .text              ro code       0x1e58   0x22c  GPIO.o [9]
  .text              ro code       0x2084    0x4c  sysctl.o [13]
  .text              ro code       0x20d0   0x1f0  gpio.o [13]
  .text              ro code       0x22c0   0x198  uart5.o [11]
  .text              ro code       0x2458    0xe4  ADC.o [8]
  .text              ro code       0x253c    0x94  LM35.o [5]
  .text              ro code       0x25d0    0x20  SysTick.o [10]
  .text              ro code       0x25f0    0x68  DblToFlt.o [14]
  .text              ro code       0x2658    0x2a  Alarm.o [2]
  .text              ro code       0x2684    0x4c  systick.o [13]
  .text              ro code       0x26d0    0x60  PushButton.o [6]
  .text              ro code       0x2730    0x5c  main.o [1]
  .text              ro code       0x278c    0x10  BTMod.o [3]
  .text              ro code       0x279c    0x18  Relay.o [7]
  .text              ro code       0x27b4    0x26  Door.o [4]
  .text              ro code       0x27dc    0x40  sprintf.o [12]
  .text              ro code       0x281c    0x28  data_init.o [15]
  .text              ro code       0x2844    0x22  fpinit_M.o [14]
  .iar.init_table    const         0x2868    0x14  - Linker created -
  .text              ro code       0x287c    0x1e  startup_ewarm.o [1]
  .text              ro code       0x289c    0x1c  cstartup_M.o [15]
  .text              ro code       0x28b8    0x1e  cmain.o [15]
  .text              ro code       0x28d6     0x4  low_level_init.o [12]
  .text              ro code       0x28da     0x4  exit.o [12]
  .text              ro code       0x28e0     0xa  cexit.o [15]
  .rodata            const         0x28ec     0xc  main.o [1]
  Initializer bytes  const         0x28f8     0xc  <for P2-1>
  .rodata            const         0x2904     0x0  copy_init3.o [15]
                                 - 0x2904  0x2698

"P2", part 1 of 2:                            0xc
  P2-1                        0x2000'0000     0xa  <Init block>
    .data            inited   0x2000'0000     0x4  main.o [1]
    .bss             inited   0x2000'0004     0x4  xfail_s.o [12]
    .data            inited   0x2000'0008     0x1  main.o [1]
    .bss             inited   0x2000'0009     0x1  uart5.o [11]
                            - 0x2000'000a     0xa

"P2", part 2 of 2:                          0x200
  .noinit            uninit   0x2000'000c   0x200  startup_ewarm.o [1]
                            - 0x2000'020c   0x200

Unused ranges:

         From           To      Size
         ----           --      ----
       0x2904     0x3'ffff  0x3'd6fc
  0x2000'020c  0x2000'7fff    0x7df4


*******************************************************************************
*** INIT TABLE
***

          Address      Size
          -------      ----
Copy (__iar_copy_init3)
    1 source range, total size 0xc (120% of destination):
               0x28f8   0xc
    1 destination range, total size 0xa:
          0x2000'0000   0xa



*******************************************************************************
*** MODULE SUMMARY
***

    Module                 ro code  ro data  rw data
    ------                 -------  -------  -------
command line/config:
    ------------------------------------------------
    Total:

C:\ASU\ASU\Fall 2024\Intro to Embedded Systems\Smart-Home-TivaC\IAR\Debug\Obj: [1]
    main.o                      92       17        5
    startup_ewarm.o             30      620      512
    ------------------------------------------------
    Total:                     122      637      517

C:\ASU\ASU\Fall 2024\Intro to Embedded Systems\Smart-Home-TivaC\IAR\Debug\Obj\HAL\AlarmMod: [2]
    Alarm.o                     42
    ------------------------------------------------
    Total:                      42

C:\ASU\ASU\Fall 2024\Intro to Embedded Systems\Smart-Home-TivaC\IAR\Debug\Obj\HAL\BTMod: [3]
    BTMod.o                     16
    ------------------------------------------------
    Total:                      16

C:\ASU\ASU\Fall 2024\Intro to Embedded Systems\Smart-Home-TivaC\IAR\Debug\Obj\HAL\Door: [4]
    Door.o                      38
    ------------------------------------------------
    Total:                      38

C:\ASU\ASU\Fall 2024\Intro to Embedded Systems\Smart-Home-TivaC\IAR\Debug\Obj\HAL\LM35: [5]
    LM35.o                     148
    ------------------------------------------------
    Total:                     148

C:\ASU\ASU\Fall 2024\Intro to Embedded Systems\Smart-Home-TivaC\IAR\Debug\Obj\HAL\PushButton: [6]
    PushButton.o                96
    ------------------------------------------------
    Total:                      96

C:\ASU\ASU\Fall 2024\Intro to Embedded Systems\Smart-Home-TivaC\IAR\Debug\Obj\HAL\RelayMod: [7]
    Relay.o                     24
    ------------------------------------------------
    Total:                      24

C:\ASU\ASU\Fall 2024\Intro to Embedded Systems\Smart-Home-TivaC\IAR\Debug\Obj\MCAL\ADC: [8]
    ADC.o                      228
    ------------------------------------------------
    Total:                     228

C:\ASU\ASU\Fall 2024\Intro to Embedded Systems\Smart-Home-TivaC\IAR\Debug\Obj\MCAL\GPIO: [9]
    GPIO.o                     556
    ------------------------------------------------
    Total:                     556

C:\ASU\ASU\Fall 2024\Intro to Embedded Systems\Smart-Home-TivaC\IAR\Debug\Obj\MCAL\SysTick: [10]
    SysTick.o                   32
    ------------------------------------------------
    Total:                      32

C:\ASU\ASU\Fall 2024\Intro to Embedded Systems\Smart-Home-TivaC\IAR\Debug\Obj\MCAL\UART: [11]
    uart5.o                    408        1        1
    ------------------------------------------------
    Total:                     408        1        1

dl7M_tln.a: [12]
    abort.o                      6
    exit.o                       4
    low_level_init.o             4
    sprintf.o                   64
    xfail_s.o                   64        4        4
    xprintffull_nomb.o       3'862
    xsprout.o                   10
    ------------------------------------------------
    Total:                   4'014        4        4

driverlib.a: [13]
    gpio.o                     496
    sysctl.o                    76
    systick.o                   76
    ------------------------------------------------
    Total:                     648

m7M_tls.a: [14]
    DblAddSub.o                590
    DblCmpGe.o                  52
    DblCmpLe.o                  52
    DblDiv.o                   582
    DblMul.o                   426
    DblToFlt.o                 104
    DblToS32.o                  54
    DblToU32.o                  34
    S32ToDbl.o                  34
    U32ToDbl.o                  28
    fpinit_M.o                  34
    frexp.o                    112
    ldexp.o                    314
    ------------------------------------------------
    Total:                   2'416

rt7M_tl.a: [15]
    ABImemcpy_unaligned.o      118
    I64DivMod.o                560
    I64DivZer.o                  2
    cexit.o                     10
    cmain.o                     30
    copy_init3.o                42
    cstartup_M.o                28
    data_init.o                 40
    memchr.o                    88
    strchr.o                    22
    strlen.o                    54
    ------------------------------------------------
    Total:                     994

shb_l.a: [16]
    exit.o                      20
    ------------------------------------------------
    Total:                      20

    Gaps                        30        4
    Linker created                       22
----------------------------------------------------
    Grand Total:             9'832      668      522


*******************************************************************************
*** ENTRY LIST
***

Entry                       Address   Size  Type      Object
-----                       -------   ----  ----      ------
.iar.init_table$$Base        0x2868          --   Gb  - Linker created -
.iar.init_table$$Limit       0x287c          --   Gb  - Linker created -
?main                        0x28b9         Code  Gb  cmain.o [15]
ADC1_Init                    0x2459   0x84  Code  Gb  ADC.o [8]
ADC1_ReadValue               0x24dd   0x28  Code  Gb  ADC.o [8]
Alarm_Init                   0x2659    0xe  Code  Gb  Alarm.o [2]
Alarm_Off                    0x2675    0xe  Code  Gb  Alarm.o [2]
Alarm_On                     0x2667    0xe  Code  Gb  Alarm.o [2]
BTMOD_Init                   0x278d    0x8  Code  Gb  BTMod.o [3]
BTMOD_SendString             0x2795    0x8  Code  Gb  BTMod.o [3]
DIO_Init                     0x1ef3  0x104  Code  Gb  GPIO.o [9]
DIO_Write                    0x2039   0x2c  Code  Gb  GPIO.o [9]
DOOR_Init                    0x27b5    0xe  Code  Gb  Door.o [4]
DOOR_Status                  0x27c3   0x18  Code  Gb  Door.o [4]
FaultISR                     0x2897    0x2  Code  Lc  startup_ewarm.o [1]
GPIODirModeSet               0x20d1   0x28  Code  Gb  gpio.o [13]
GPIOPadConfigSet             0x20f9  0x174  Code  Gb  gpio.o [13]
GPIOPinRead                  0x226d    0x6  Code  Gb  gpio.o [13]
GPIOPinTypeGPIOInput         0x227d   0x14  Code  Gb  gpio.o [13]
GPIOPinTypeGPIOOutput        0x2291    0xa  Code  Gb  gpio.o [13]
GPIOPinWrite                 0x2273    0x6  Code  Gb  gpio.o [13]
GPIO_PinRead                 0x2065   0x20  Code  Gb  GPIO.o [9]
GetPeripheralAndBaseAddress
                             0x1e91   0x62  Code  Gb  GPIO.o [9]
GetPortBaseAddress           0x1e59   0x38  Code  Gb  GPIO.o [9]
IntDefaultHandler            0x2899    0x2  Code  Lc  startup_ewarm.o [1]
LM35_Handler                 0x257f   0x3a  Code  Gb  LM35.o [5]
LM35_Init                    0x253d    0xc  Code  Gb  LM35.o [5]
LM35_Temp                    0x2549   0x36  Code  Gb  LM35.o [5]
NmiSR                        0x2895    0x2  Code  Lc  startup_ewarm.o [1]
PushButton_Action            0x26df   0x52  Code  Gb  PushButton.o [6]
PushButton_Init              0x26d1    0xe  Code  Gb  PushButton.o [6]
Region$$Table$$Base          0x2868          --   Gb  - Linker created -
Region$$Table$$Limit         0x287c          --   Gb  - Linker created -
Relay_Init                   0x279d   0x18  Code  Gb  Relay.o [7]
ResetISR                     0x287d   0x14  Code  Gb  startup_ewarm.o [1]
SysCtlDelay                  0x20c1    0x8  Code  Gb  sysctl.o [13]
SysCtlPeripheralEnable       0x20a5    0x8  Code  Gb  sysctl.o [13]
SysCtlPeripheralReady        0x2085    0x8  Code  Gb  sysctl.o [13]
SysTickDisable               0x2691    0xc  Code  Gb  systick.o [13]
SysTickEnable                0x2685    0xc  Code  Gb  systick.o [13]
SysTickIntDisable            0x26a9    0xc  Code  Gb  systick.o [13]
SysTickIntEnable             0x269d    0xc  Code  Gb  systick.o [13]
SysTickPeriodSet             0x26b5    0x8  Code  Gb  systick.o [13]
SysTickValueGet              0x26bd    0x6  Code  Gb  systick.o [13]
SysTick_Delay_1Sec           0x25d1   0x20  Code  Gb  SysTick.o [10]
Temp                    0x2000'0000    0x4  Data  Gb  main.o [1]
UART5_Handler                0x239b   0x6c  Code  Gb  uart5.o [11]
UART5_Init                   0x22c1   0xb4  Code  Gb  uart5.o [11]
UART5_ReceivedByte      0x2000'0009    0x1  Data  Gb  uart5.o [11]
UART5_SendByte               0x2375   0x10  Code  Gb  uart5.o [11]
UART5_SendString             0x2385   0x16  Code  Gb  uart5.o [11]
_LitobFullNoMb                0xf89  0x10c  Code  Lc  xprintffull_nomb.o [12]
_PrintfFullNoMb               0x26d  0xcec  Code  Gb  xprintffull_nomb.o [12]
_PutcharFullNoMb             0x10ed   0x20  Code  Lc  xprintffull_nomb.o [12]
_PutcharsFullNoMb            0x110d   0x2e  Code  Lc  xprintffull_nomb.o [12]
_SProut                      0x11c3    0xa  Code  Gb  xsprout.o [12]
__aeabi_cdcmple              0x1385         Code  Gb  DblCmpLe.o [14]
__aeabi_cdrcmple             0x13b9         Code  Gb  DblCmpGe.o [14]
__aeabi_d2f                  0x25f1         Code  Gb  DblToFlt.o [14]
__aeabi_d2iz                 0x1529         Code  Gb  DblToS32.o [14]
__aeabi_d2uiz                0x1a1d         Code  Gb  DblToU32.o [14]
__aeabi_ddiv                 0x17d5         Code  Gb  DblDiv.o [14]
__aeabi_dmul                 0x1a5d         Code  Gb  DblMul.o [14]
__aeabi_dsub                 0x16f1         Code  Gb  DblAddSub.o [14]
__aeabi_i2d                  0x1561         Code  Gb  S32ToDbl.o [14]
__aeabi_ldiv0                0x1e41         Code  Gb  I64DivZer.o [15]
__aeabi_ui2d                 0x1a41         Code  Gb  U32ToDbl.o [14]
__aeabi_uldivmod             0x1c09         Code  Gb  I64DivMod.o [15]
__cmain                      0x28b9         Code  Gb  cmain.o [15]
__exit                       0x1e45   0x14  Code  Gb  exit.o [16]
__iar_Fail_s                 0x11cd   0x1c  Code  Gb  xfail_s.o [12]
__iar_Memchr                 0x1245         Code  Gb  memchr.o [15]
__iar_Strchr                 0x11ad         Code  Gb  strchr.o [15]
__iar_copy_init3             0x1183   0x2a  Code  Gb  copy_init3.o [15]
__iar_data_init3             0x281d   0x28  Code  Gb  data_init.o [15]
__iar_frexp                  0x1321         Code  Gb  frexp.o [14]
__iar_frexpl                 0x1321         Code  Gb  frexp.o [14]
__iar_init_vfp               0x2845         Code  Gb  fpinit_M.o [14]
__iar_ldexp64                0x13ed         Code  Gb  ldexp.o [14]
__iar_program_start          0x289d         Code  Gb  cstartup_M.o [15]
__iar_scalbln64              0x13ed         Code  Gb  ldexp.o [14]
__iar_scalbn64               0x13ed         Code  Gb  ldexp.o [14]
__iar_softfp___iar_frexp64
                             0x1315         Code  Gb  frexp.o [14]
__iar_softfp_frexp           0x1315         Code  Gb  frexp.o [14]
__iar_softfp_frexpl          0x1315         Code  Gb  frexp.o [14]
__iar_unaligned_memcpy       0x129d         Code  Gb  ABImemcpy_unaligned.o [15]
__iar_unaligned_memcpy4
                             0x12bd         Code  Gb  ABImemcpy_unaligned.o [15]
__iar_unaligned_memcpy8
                             0x12bd         Code  Gb  ABImemcpy_unaligned.o [15]
__low_level_init             0x28d7    0x4  Code  Gb  low_level_init.o [12]
__vector_table                  0x0  0x26c  Data  Gb  startup_ewarm.o [1]
_call_main                   0x28c5         Code  Gb  cmain.o [15]
_exit                        0x28e1         Code  Gb  cexit.o [15]
abort                        0x1e39    0x6  Code  Gb  abort.o [12]
exit                         0x28db    0x4  Code  Gb  exit.o [12]
ldexp                        0x13ed         Code  Gb  ldexp.o [14]
ldexpl                       0x13ed         Code  Gb  ldexp.o [14]
main                         0x2731   0x5c  Code  Gb  main.o [1]
memchr                       0x1245         Code  Gb  memchr.o [15]
pui32Stack              0x2000'000c  0x200  Data  Lc  startup_ewarm.o [1]
scalbln                      0x13ed         Code  Gb  ldexp.o [14]
scalblnl                     0x13ed         Code  Gb  ldexp.o [14]
scalbn                       0x13ed         Code  Gb  ldexp.o [14]
scalbnl                      0x13ed         Code  Gb  ldexp.o [14]
scale                        0x1095   0x46  Code  Lc  xprintffull_nomb.o [12]
sec_hand                0x2000'0004    0x4  Data  Lc  xfail_s.o [12]
sprintf                      0x27dd   0x40  Code  Gb  sprintf.o [12]
strchr                       0x11ad         Code  Gb  strchr.o [15]
strlen                       0x120d         Code  Gb  strlen.o [15]
tempStatus              0x2000'0008    0x1  Data  Gb  main.o [1]


[1] = C:\ASU\ASU\Fall 2024\Intro to Embedded Systems\Smart-Home-TivaC\IAR\Debug\Obj
[2] = C:\ASU\ASU\Fall 2024\Intro to Embedded Systems\Smart-Home-TivaC\IAR\Debug\Obj\HAL\AlarmMod
[3] = C:\ASU\ASU\Fall 2024\Intro to Embedded Systems\Smart-Home-TivaC\IAR\Debug\Obj\HAL\BTMod
[4] = C:\ASU\ASU\Fall 2024\Intro to Embedded Systems\Smart-Home-TivaC\IAR\Debug\Obj\HAL\Door
[5] = C:\ASU\ASU\Fall 2024\Intro to Embedded Systems\Smart-Home-TivaC\IAR\Debug\Obj\HAL\LM35
[6] = C:\ASU\ASU\Fall 2024\Intro to Embedded Systems\Smart-Home-TivaC\IAR\Debug\Obj\HAL\PushButton
[7] = C:\ASU\ASU\Fall 2024\Intro to Embedded Systems\Smart-Home-TivaC\IAR\Debug\Obj\HAL\RelayMod
[8] = C:\ASU\ASU\Fall 2024\Intro to Embedded Systems\Smart-Home-TivaC\IAR\Debug\Obj\MCAL\ADC
[9] = C:\ASU\ASU\Fall 2024\Intro to Embedded Systems\Smart-Home-TivaC\IAR\Debug\Obj\MCAL\GPIO
[10] = C:\ASU\ASU\Fall 2024\Intro to Embedded Systems\Smart-Home-TivaC\IAR\Debug\Obj\MCAL\SysTick
[11] = C:\ASU\ASU\Fall 2024\Intro to Embedded Systems\Smart-Home-TivaC\IAR\Debug\Obj\MCAL\UART
[12] = dl7M_tln.a
[13] = driverlib.a
[14] = m7M_tls.a
[15] = rt7M_tl.a
[16] = shb_l.a

  9'832 bytes of readonly  code memory
    668 bytes of readonly  data memory
    522 bytes of readwrite data memory

Errors: none
Warnings: 1
