###############################################################################
#
# IAR ELF Linker V9.10.1.308/W64 for ARM                  18/Dec/2024  18:27:29
# Copyright 2007-2021 IAR Systems AB.
#
#    Output file  =
#        E:\Intro To Embedded\project\Smart
#        Home\Smart-Home-TivaC\IAR\Debug\Exe\SmartHome.out
#    Map file     =
#        E:\Intro To Embedded\project\Smart
#        Home\Smart-Home-TivaC\IAR\Debug\List\SmartHome.map
#    Command line =
#        -f "E:\Intro To Embedded\project\Smart
#        Home\Smart-Home-TivaC\IAR\Debug\Exe\SmartHome.out.rsp" ("E:\Intro To
#        Embedded\project\Smart
#        Home\Smart-Home-TivaC\IAR\Debug\Obj\MCAL\ADC\ADC.o" "E:\Intro To
#        Embedded\project\Smart
#        Home\Smart-Home-TivaC\IAR\Debug\Obj\HAL\AlarmMod\Alarm.o" "E:\Intro To
#        Embedded\project\Smart
#        Home\Smart-Home-TivaC\Drivers\TivaLib\driverlib\ewarm\Exe\driverlib.a"
#        "E:\Intro To Embedded\project\Smart
#        Home\Smart-Home-TivaC\IAR\Debug\Obj\MCAL\GPIO\GPIO.o" "E:\Intro To
#        Embedded\project\Smart Home\Smart-Home-TivaC\IAR\Debug\Obj\main.o"
#        "E:\Intro To Embedded\project\Smart
#        Home\Smart-Home-TivaC\IAR\Debug\Obj\HAL\RelayMod\Relay.o" "E:\Intro To
#        Embedded\project\Smart
#        Home\Smart-Home-TivaC\IAR\Debug\Obj\MCAL\SysTick\systick.o"
#        --no_out_extension -o "E:\Intro To Embedded\project\Smart
#        Home\Smart-Home-TivaC\IAR\Debug\Exe\SmartHome.out" --redirect
#        _Printf=_PrintfFullNoMb --redirect _Scanf=_ScanfFullNoMb --map
#        "E:\Intro To Embedded\project\Smart
#        Home\Smart-Home-TivaC\IAR\Debug\List\SmartHome.map" --config
#        "C:\Program Files\IAR Systems\Embedded Workbench
#        9.0\arm\config\linker\TexasInstruments\TM4C123GH6.icf" --semihosting
#        "E:\Intro To Embedded\project\Smart
#        Home\Smart-Home-TivaC\Drivers\TivaLib\driverlib\ewarm\Exe\driverlib.a"
#        --entry __iar_program_start --vfe --text_out locale)
#
###############################################################################

*******************************************************************************
*** MESSAGES
***

Warning[Lt009]: Inconsistent wchar_t size
            sysctl.o(driverlib.a) and 3 other objects in driverlib.a have
                      wchar_t size 16 bits
            ADC.o and 18 other objects, some of them in dl7M_tln.a and 11 other
                      libraries have wchar_t size 32 bits


*******************************************************************************
*** RUNTIME MODEL ATTRIBUTES
***

CppFlavor       = *
__SystemLibrary = DLib
__dlib_version  = 6


*******************************************************************************
*** HEAP SELECTION
***

The basic heap was selected because no calls to memory allocation
functions were found in the application outside of system library
functions, and there are calls to deallocation functions in the
application.


*******************************************************************************
*** PLACEMENT SUMMARY
***

"A0":  place at address 0x0 { ro section .intvec };
"P1":  place in [from 0x0 to 0x3'ffff] { ro };
define block CSTACK with size = 4K, alignment = 8 { };
define block HEAP with size = 8K, alignment = 8 { };
"P2":  place in [from 0x2000'0000 to 0x2000'7fff] {
          rw, block CSTACK, block HEAP };

  Section          Kind         Address    Size  Object
  -------          ----         -------    ----  ------
"A0":                                      0x40
  .intvec          ro code          0x0    0x40  vector_table_M.o [10]
                                 - 0x40    0x40

"P1":                                     0x304
  .text            ro code         0x40   0x1de  main.o [1]
  .text            ro code        0x21e    0x38  zero_init3.o [10]
  .text            ro code        0x256     0x2  vectortrap_M.o [10]
  .rodata          const          0x258    0x2c  main.o [1]
  .text            ro code        0x284    0x28  data_init.o [10]
  .text            ro code        0x2ac    0x22  fpinit_M.o [9]
  .iar.init_table  const          0x2d0    0x10  - Linker created -
  .text            ro code        0x2e0    0x1e  cmain.o [10]
  .text            ro code        0x2fe     0x4  low_level_init.o [7]
  .text            ro code        0x302     0x4  exit.o [7]
  .text            ro code        0x308     0xa  cexit.o [10]
  .text            ro code        0x314    0x14  exit.o [11]
  .text            ro code        0x328    0x1c  cstartup_M.o [10]
  .rodata          const          0x344     0x0  zero_init3.o [10]
                                - 0x344   0x304

"P2", part 1 of 2:                          0x4
  .bss             zero     0x2000'0000     0x1  main.o [1]
                          - 0x2000'0001     0x1

"P2", part 2 of 2:                       0x1000
  CSTACK                    0x2000'0008  0x1000  <Block>
    CSTACK         uninit   0x2000'0008  0x1000  <Block tail>
                          - 0x2000'1008  0x1000

Unused ranges:

         From           To      Size
         ----           --      ----
        0x344     0x3'ffff  0x3'fcbc
  0x2000'0004  0x2000'0007       0x4
  0x2000'1008  0x2000'7fff    0x6ff8


*******************************************************************************
*** INIT TABLE
***

          Address      Size
          -------      ----
Zero (__iar_zero_init3)
    1 destination range, total size 0x1:
          0x2000'0000   0x1



*******************************************************************************
*** MODULE SUMMARY
***

    Module            ro code  ro data  rw data
    ------            -------  -------  -------
command line/config:
    -------------------------------------------
    Total:

E:\Intro To Embedded\project\Smart Home\Smart-Home-TivaC\IAR\Debug\Obj: [1]
    main.o                478       44        1
    -------------------------------------------
    Total:                478       44        1

E:\Intro To Embedded\project\Smart Home\Smart-Home-TivaC\IAR\Debug\Obj\HAL\AlarmMod: [2]
    -------------------------------------------
    Total:

E:\Intro To Embedded\project\Smart Home\Smart-Home-TivaC\IAR\Debug\Obj\HAL\RelayMod: [3]
    -------------------------------------------
    Total:

E:\Intro To Embedded\project\Smart Home\Smart-Home-TivaC\IAR\Debug\Obj\MCAL\ADC: [4]
    -------------------------------------------
    Total:

E:\Intro To Embedded\project\Smart Home\Smart-Home-TivaC\IAR\Debug\Obj\MCAL\GPIO: [5]
    -------------------------------------------
    Total:

E:\Intro To Embedded\project\Smart Home\Smart-Home-TivaC\IAR\Debug\Obj\MCAL\SysTick: [6]
    -------------------------------------------
    Total:

dl7M_tln.a: [7]
    exit.o                  4
    low_level_init.o        4
    -------------------------------------------
    Total:                  8

driverlib.a: [8]
    -------------------------------------------
    Total:

m7M_tls.a: [9]
    fpinit_M.o             34
    -------------------------------------------
    Total:                 34

rt7M_tl.a: [10]
    cexit.o                10
    cmain.o                30
    cstartup_M.o           28
    data_init.o            40
    vector_table_M.o       64
    vectortrap_M.o          2
    zero_init3.o           56
    -------------------------------------------
    Total:                230

shb_l.a: [11]
    exit.o                 20
    -------------------------------------------
    Total:                 20

    Gaps                    4        2
    Linker created                  16    4'096
-----------------------------------------------
    Grand Total:          774       62    4'097


*******************************************************************************
*** ENTRY LIST
***

Entry                       Address  Size  Type      Object
-----                       -------  ----  ----      ------
.iar.init_table$$Base         0x2d0         --   Gb  - Linker created -
.iar.init_table$$Limit        0x2e0         --   Gb  - Linker created -
?main                         0x2e1        Code  Gb  cmain.o [10]
BusFault_Handler              0x257        Code  Wk  vectortrap_M.o [10]
CSTACK$$Base            0x2000'0008         --   Gb  - Linker created -
CSTACK$$Limit           0x2000'1008         --   Gb  - Linker created -
DebugMon_Handler              0x257        Code  Wk  vectortrap_M.o [10]
GPIO_Init                     0x171  0x2e  Code  Gb  main.o [1]
HardFault_Handler             0x257        Code  Wk  vectortrap_M.o [10]
MemManage_Handler             0x257        Code  Wk  vectortrap_M.o [10]
NMI_Handler                   0x257        Code  Wk  vectortrap_M.o [10]
PendSV_Handler                0x257        Code  Wk  vectortrap_M.o [10]
Region$$Table$$Base           0x2d0         --   Gb  - Linker created -
Region$$Table$$Limit          0x2e0         --   Gb  - Linker created -
SVC_Handler                   0x257        Code  Wk  vectortrap_M.o [10]
SysTick_Handler               0x257        Code  Wk  vectortrap_M.o [10]
UART0_Init                     0xc1  0xb0  Code  Gb  main.o [1]
UART0_TransmitChar            0x19f  0x10  Code  Gb  main.o [1]
UART0_TransmitString          0x209  0x16  Code  Gb  main.o [1]
UsageFault_Handler            0x257        Code  Wk  vectortrap_M.o [10]
__cmain                       0x2e1        Code  Gb  cmain.o [10]
__exit                        0x315  0x14  Code  Gb  exit.o [11]
__iar_data_init3              0x285  0x28  Code  Gb  data_init.o [10]
__iar_init_vfp                0x2ad        Code  Gb  fpinit_M.o [9]
__iar_program_start           0x329        Code  Gb  cstartup_M.o [10]
__iar_zero_init3              0x21f  0x38  Code  Gb  zero_init3.o [10]
__low_level_init              0x2ff   0x4  Code  Gb  low_level_init.o [7]
__vector_table                  0x0        Data  Gb  vector_table_M.o [10]
_call_main                    0x2ed        Code  Gb  cmain.o [10]
_exit                         0x309        Code  Gb  cexit.o [10]
exit                          0x303   0x4  Code  Gb  exit.o [7]
main                           0x41  0x80  Code  Gb  main.o [1]
received_char           0x2000'0000   0x1  Data  Gb  main.o [1]


[1] = E:\Intro To Embedded\project\Smart Home\Smart-Home-TivaC\IAR\Debug\Obj
[2] = E:\Intro To Embedded\project\Smart Home\Smart-Home-TivaC\IAR\Debug\Obj\HAL\AlarmMod
[3] = E:\Intro To Embedded\project\Smart Home\Smart-Home-TivaC\IAR\Debug\Obj\HAL\RelayMod
[4] = E:\Intro To Embedded\project\Smart Home\Smart-Home-TivaC\IAR\Debug\Obj\MCAL\ADC
[5] = E:\Intro To Embedded\project\Smart Home\Smart-Home-TivaC\IAR\Debug\Obj\MCAL\GPIO
[6] = E:\Intro To Embedded\project\Smart Home\Smart-Home-TivaC\IAR\Debug\Obj\MCAL\SysTick
[7] = dl7M_tln.a
[8] = driverlib.a
[9] = m7M_tls.a
[10] = rt7M_tl.a
[11] = shb_l.a

    774 bytes of readonly  code memory
     62 bytes of readonly  data memory
  4'097 bytes of readwrite data memory

Errors: none
Warnings: 1
