###############################################################################
#
# IAR ELF Linker V9.10.1.308/W64 for ARM                  02/Dec/2024  00:12:55
# Copyright 2007-2021 IAR Systems AB.
#
#    Output file  =
#        C:\Users\Salma\.vscode\Smart-Home-TivaC\IAR\Debug\Exe\SmartHome.out
#    Map file     =
#        C:\Users\Salma\.vscode\Smart-Home-TivaC\IAR\Debug\List\SmartHome.map
#    Command line =
#        -f
#        C:\Users\Salma\.vscode\Smart-Home-TivaC\IAR\Debug\Exe\SmartHome.out.rsp
#        (C:\Users\Salma\.vscode\Smart-Home-TivaC\IAR\Debug\Obj\HAL\AlarmMod\Alarm.o
#        C:\Users\Salma\.vscode\Smart-Home-TivaC\IAR\Debug\Obj\MCAL\DIO\DIO.o
#        C:\Users\Salma\.vscode\Smart-Home-TivaC\Drivers\TivaLib\driverlib\ewarm\Exe\driverlib.a
#        C:\Users\Salma\.vscode\Smart-Home-TivaC\IAR\Debug\Obj\MCAL\GPIO\GPIO.o
#        C:\Users\Salma\.vscode\Smart-Home-TivaC\IAR\Debug\Obj\main.o
#        C:\Users\Salma\.vscode\Smart-Home-TivaC\IAR\Debug\Obj\HAL\RelayMod\Relay.o
#        C:\Users\Salma\.vscode\Smart-Home-TivaC\IAR\Debug\Obj\MCAL\UART\uart0.o
#        C:\Users\Salma\.vscode\Smart-Home-TivaC\IAR\Debug\Obj\MCAL\UART\uart5.o
#        --no_out_extension -o
#        C:\Users\Salma\.vscode\Smart-Home-TivaC\IAR\Debug\Exe\SmartHome.out
#        --redirect _Printf=_PrintfFullNoMb --redirect _Scanf=_ScanfFullNoMb
#        --map
#        C:\Users\Salma\.vscode\Smart-Home-TivaC\IAR\Debug\List\SmartHome.map
#        --config "C:\Program Files\IAR Systems\Embedded Workbench
#        9.0\arm\config\linker\TexasInstruments\TM4C123GH6.icf" --semihosting
#        --entry __iar_program_start --vfe --text_out locale)
#
###############################################################################

*******************************************************************************
*** MESSAGES
***

Warning[Lt009]: Inconsistent wchar_t size
            gpio.o(driverlib.a) and 3 other objects in driverlib.a have wchar_t
                      size 16 bits
            Alarm.o and 19 other objects, some of them in dl7M_tln.a and 11
                      other libraries have wchar_t size 32 bits


*******************************************************************************
*** RUNTIME MODEL ATTRIBUTES
***

CppFlavor       = *
__SystemLibrary = DLib
__dlib_version  = 6


*******************************************************************************
*** HEAP SELECTION
***

The basic heap was selected because no calls to memory allocation
functions were found in the application outside of system library
functions, and there are calls to deallocation functions in the
application.


*******************************************************************************
*** PLACEMENT SUMMARY
***

"A0":  place at address 0x0 { ro section .intvec };
"P1":  place in [from 0x0 to 0x3'ffff] { ro };
define block CSTACK with size = 4K, alignment = 8 { };
define block HEAP with size = 8K, alignment = 8 { };
"P2":  place in [from 0x2000'0000 to 0x2000'7fff] {
          rw, block CSTACK, block HEAP };

No sections matched the following patterns:

  rw  in "P2"


  Section   Kind         Address    Size  Object
  -------   ----         -------    ----  ------
"A0":                               0x40
  .intvec   ro code          0x0    0x40  vector_table_M.o [10]
                          - 0x40    0x40

"P1":                              0x5f4
  .text     ro code         0x40   0x1f0  gpio.o [8]
  .text     ro code        0x230   0x174  GPIO.o [5]
  .text     ro code        0x3a4    0x4c  sysctl.o [8]
  .text     ro code        0x3f0    0xe8  uart5.o [6]
  .text     ro code        0x4d8    0x84  main.o [1]
  .text     ro code        0x55c    0x50  Relay.o [3]
  .text     ro code        0x5ac    0x22  fpinit_M.o [9]
  .text     ro code        0x5ce     0x2  vectortrap_M.o [10]
  .text     ro code        0x5d0    0x1e  cmain.o [10]
  .text     ro code        0x5ee     0x4  low_level_init.o [7]
  .text     ro code        0x5f2     0x4  exit.o [7]
  .text     ro code        0x5f8     0xa  cexit.o [10]
  .text     ro code        0x604    0x14  exit.o [11]
  .text     ro code        0x618    0x1c  cstartup_M.o [10]
                         - 0x634   0x5f4

"P2":                             0x1000
  CSTACK             0x2000'0000  0x1000  <Block>
    CSTACK  uninit   0x2000'0000  0x1000  <Block tail>
                   - 0x2000'1000  0x1000

Unused ranges:

         From           To      Size
         ----           --      ----
        0x634     0x3'ffff  0x3'f9cc
  0x2000'1000  0x2000'7fff    0x7000



*******************************************************************************
*** MODULE SUMMARY
***

    Module            ro code  rw data
    ------            -------  -------
command line/config:
    ----------------------------------
    Total:

C:\Users\Salma\.vscode\Smart-Home-TivaC\IAR\Debug\Obj: [1]
    main.o                132
    ----------------------------------
    Total:                132

C:\Users\Salma\.vscode\Smart-Home-TivaC\IAR\Debug\Obj\HAL\AlarmMod: [2]
    ----------------------------------
    Total:

C:\Users\Salma\.vscode\Smart-Home-TivaC\IAR\Debug\Obj\HAL\RelayMod: [3]
    Relay.o                80
    ----------------------------------
    Total:                 80

C:\Users\Salma\.vscode\Smart-Home-TivaC\IAR\Debug\Obj\MCAL\DIO: [4]
    ----------------------------------
    Total:

C:\Users\Salma\.vscode\Smart-Home-TivaC\IAR\Debug\Obj\MCAL\GPIO: [5]
    GPIO.o                372
    ----------------------------------
    Total:                372

C:\Users\Salma\.vscode\Smart-Home-TivaC\IAR\Debug\Obj\MCAL\UART: [6]
    uart5.o               232
    ----------------------------------
    Total:                232

dl7M_tln.a: [7]
    exit.o                  4
    low_level_init.o        4
    ----------------------------------
    Total:                  8

driverlib.a: [8]
    gpio.o                496
    sysctl.o               76
    ----------------------------------
    Total:                572

m7M_tls.a: [9]
    fpinit_M.o             34
    ----------------------------------
    Total:                 34

rt7M_tl.a: [10]
    cexit.o                10
    cmain.o                30
    cstartup_M.o           28
    vector_table_M.o       64
    vectortrap_M.o          2
    ----------------------------------
    Total:                134

shb_l.a: [11]
    exit.o                 20
    ----------------------------------
    Total:                 20

    Gaps                    4
    Linker created               4'096
--------------------------------------
    Grand Total:        1'588    4'096


*******************************************************************************
*** ENTRY LIST
***

Entry                       Address   Size  Type      Object
-----                       -------   ----  ----      ------
?main                         0x5d1         Code  Gb  cmain.o [10]
BusFault_Handler              0x5cf         Code  Wk  vectortrap_M.o [10]
CSTACK$$Base            0x2000'0000          --   Gb  - Linker created -
CSTACK$$Limit           0x2000'1000          --   Gb  - Linker created -
DIO_Init                      0x2f9   0x5e  Code  Gb  GPIO.o [5]
DIO_Write                     0x357   0x2c  Code  Gb  GPIO.o [5]
DebugMon_Handler              0x5cf         Code  Wk  vectortrap_M.o [10]
GPIODirModeSet                 0x41   0x28  Code  Gb  gpio.o [8]
GPIOPadConfigSet               0x69  0x174  Code  Gb  gpio.o [8]
GPIOPinRead                   0x1dd    0x6  Code  Gb  gpio.o [8]
GPIOPinTypeGPIOInput          0x1ed   0x14  Code  Gb  gpio.o [8]
GPIOPinTypeGPIOOutput         0x201    0xa  Code  Gb  gpio.o [8]
GPIOPinWrite                  0x1e3    0x6  Code  Gb  gpio.o [8]
GPIO_PinRead                  0x383   0x22  Code  Gb  GPIO.o [5]
GetPeripheralAndBaseAddress
                              0x269   0x62  Code  Gb  GPIO.o [5]
GetPortBaseAddress            0x231   0x38  Code  Gb  GPIO.o [5]
HardFault_Handler             0x5cf         Code  Wk  vectortrap_M.o [10]
LED_Init                      0x4d9   0x2e  Code  Gb  main.o [1]
MemManage_Handler             0x5cf         Code  Wk  vectortrap_M.o [10]
NMI_Handler                   0x5cf         Code  Wk  vectortrap_M.o [10]
PendSV_Handler                0x5cf         Code  Wk  vectortrap_M.o [10]
Region$$Table$$Base             0x0          --   Gb  - Linker created -
Region$$Table$$Limit            0x0          --   Gb  - Linker created -
Relay_Init                    0x55d   0x14  Code  Gb  Relay.o [3]
Relay_Toggle                  0x571   0x38  Code  Gb  Relay.o [3]
SVC_Handler                   0x5cf         Code  Wk  vectortrap_M.o [10]
SysCtlDelay                   0x3e1    0x8  Code  Gb  sysctl.o [8]
SysCtlPeripheralEnable        0x3c5    0x8  Code  Gb  sysctl.o [8]
SysCtlPeripheralReady         0x3a5    0x8  Code  Gb  sysctl.o [8]
SysTick_Handler               0x5cf         Code  Wk  vectortrap_M.o [10]
UART5_Init                    0x3f1   0x9c  Code  Gb  uart5.o [6]
UART5_ReceiveByte             0x48d   0x10  Code  Gb  uart5.o [6]
UsageFault_Handler            0x5cf         Code  Wk  vectortrap_M.o [10]
__cmain                       0x5d1         Code  Gb  cmain.o [10]
__exit                        0x605   0x14  Code  Gb  exit.o [11]
__iar_init_vfp                0x5ad         Code  Gb  fpinit_M.o [9]
__iar_program_start           0x619         Code  Gb  cstartup_M.o [10]
__low_level_init              0x5ef    0x4  Code  Gb  low_level_init.o [7]
__vector_table                  0x0         Data  Gb  vector_table_M.o [10]
_call_main                    0x5dd         Code  Gb  cmain.o [10]
_exit                         0x5f9         Code  Gb  cexit.o [10]
exit                          0x5f3    0x4  Code  Gb  exit.o [7]
main                          0x507   0x40  Code  Gb  main.o [1]


[1] = C:\Users\Salma\.vscode\Smart-Home-TivaC\IAR\Debug\Obj
[2] = C:\Users\Salma\.vscode\Smart-Home-TivaC\IAR\Debug\Obj\HAL\AlarmMod
[3] = C:\Users\Salma\.vscode\Smart-Home-TivaC\IAR\Debug\Obj\HAL\RelayMod
[4] = C:\Users\Salma\.vscode\Smart-Home-TivaC\IAR\Debug\Obj\MCAL\DIO
[5] = C:\Users\Salma\.vscode\Smart-Home-TivaC\IAR\Debug\Obj\MCAL\GPIO
[6] = C:\Users\Salma\.vscode\Smart-Home-TivaC\IAR\Debug\Obj\MCAL\UART
[7] = dl7M_tln.a
[8] = driverlib.a
[9] = m7M_tls.a
[10] = rt7M_tl.a
[11] = shb_l.a

  1'588 bytes of readonly  code memory
  4'096 bytes of readwrite data memory

Errors: none
Warnings: 1
